Archive member included to satisfy reference by file (symbol)

.\CortexM3\ARM_GCC_541\Debug\Lab3.a(CyLib.o)
                              .\CortexM3\ARM_GCC_541\Debug\Cm3Start.o (CyHalt)
.\CortexM3\ARM_GCC_541\Debug\Lab3.a(cyPm.o)
                              .\CortexM3\ARM_GCC_541\Debug\Lab3.a(CyLib.o) (CyPmReadStatus)
.\CortexM3\ARM_GCC_541\Debug\Lab3.a(ErikaOS_ee_activate.o)
                              .\CortexM3\ARM_GCC_541\Debug\main.o (EE_oo_ActivateTask)
.\CortexM3\ARM_GCC_541\Debug\Lab3.a(ErikaOS_ee_altick.o)
                              .\CortexM3\ARM_GCC_541\Debug\main.o (EE_oo_IncrementCounter)
.\CortexM3\ARM_GCC_541\Debug\Lab3.a(ErikaOS_ee_evclear.o)
                              .\CortexM3\ARM_GCC_541\Debug\main.o (EE_oo_ClearEvent)
.\CortexM3\ARM_GCC_541\Debug\Lab3.a(ErikaOS_ee_evget.o)
                              .\CortexM3\ARM_GCC_541\Debug\main.o (EE_oo_GetEvent)
.\CortexM3\ARM_GCC_541\Debug\Lab3.a(ErikaOS_ee_evset.o)
                              .\CortexM3\ARM_GCC_541\Debug\main.o (EE_oo_SetEvent)
.\CortexM3\ARM_GCC_541\Debug\Lab3.a(ErikaOS_ee_evwait.o)
                              .\CortexM3\ARM_GCC_541\Debug\main.o (EE_oo_WaitEvent)
.\CortexM3\ARM_GCC_541\Debug\Lab3.a(ErikaOS_ee_lockres.o)
                              .\CortexM3\ARM_GCC_541\Debug\CRingBuffer.o (EE_oo_GetResource)
.\CortexM3\ARM_GCC_541\Debug\Lab3.a(ErikaOS_ee_rq_exchg.o)
                              .\CortexM3\ARM_GCC_541\Debug\Lab3.a(ErikaOS_ee_activate.o) (EE_rq2stk_exchange)
.\CortexM3\ARM_GCC_541\Debug\Lab3.a(ErikaOS_ee_rq_first.o)
                              .\CortexM3\ARM_GCC_541\Debug\Lab3.a(ErikaOS_ee_activate.o) (EE_rq_queryfirst)
.\CortexM3\ARM_GCC_541\Debug\Lab3.a(ErikaOS_ee_rq_inser.o)
                              .\CortexM3\ARM_GCC_541\Debug\Lab3.a(ErikaOS_ee_activate.o) (EE_rq_insert)
.\CortexM3\ARM_GCC_541\Debug\Lab3.a(ErikaOS_ee_startos.o)
                              .\CortexM3\ARM_GCC_541\Debug\main.o (EE_oo_StartOS)
.\CortexM3\ARM_GCC_541\Debug\Lab3.a(ErikaOS_ee_terminat.o)
                              .\CortexM3\ARM_GCC_541\Debug\main.o (EE_oo_TerminateTask)
.\CortexM3\ARM_GCC_541\Debug\Lab3.a(ErikaOS_ee_ulockres.o)
                              .\CortexM3\ARM_GCC_541\Debug\CRingBuffer.o (EE_oo_ReleaseResource)
.\CortexM3\ARM_GCC_541\Debug\Lab3.a(ErikaOS_cortex_mx_ee_utils.o)
                              .\CortexM3\ARM_GCC_541\Debug\main.o (EE_system_init)
.\CortexM3\ARM_GCC_541\Debug\Lab3.a(ErikaOS_common_ee_hal_structs.o)
                              .\CortexM3\ARM_GCC_541\Debug\Lab3.a(ErikaOS_ee_activate.o) (EE_IRQ_nesting_level)
.\CortexM3\ARM_GCC_541\Debug\Lab3.a(ErikaOS_eecfg.o)
                              .\CortexM3\ARM_GCC_541\Debug\Lab3.a(ErikaOS_ee_startos.o) (EE_oo_autostart_task_data)
.\CortexM3\ARM_GCC_541\Debug\Lab3.a(UART_LOG.o)
                              .\CortexM3\ARM_GCC_541\Debug\main.o (UART_LOG_Start)
.\CortexM3\ARM_GCC_541\Debug\Lab3.a(isr_uart.o)
                              .\CortexM3\ARM_GCC_541\Debug\main.o (isr_uart_StartEx)
.\CortexM3\ARM_GCC_541\Debug\Lab3.a(UART_LOG_IntClock.o)
                              .\CortexM3\ARM_GCC_541\Debug\Lab3.a(UART_LOG.o) (UART_LOG_IntClock_Start)
.\CortexM3\ARM_GCC_541\Debug\Lab3.a(TFT_SPI.o)
                              .\CortexM3\ARM_GCC_541\Debug\tft.o (TFT_SPI_WriteTxData)
.\CortexM3\ARM_GCC_541\Debug\Lab3.a(TFT_DC.o)
                              .\CortexM3\ARM_GCC_541\Debug\tft.o (TFT_DC_Write)
.\CortexM3\ARM_GCC_541\Debug\Lab3.a(TFT_RES.o)
                              .\CortexM3\ARM_GCC_541\Debug\tft.o (TFT_RES_Write)
.\CortexM3\ARM_GCC_541\Debug\Lab3.a(TFT_BackLight.o)
                              .\CortexM3\ARM_GCC_541\Debug\tft.o (TFT_BackLight_WriteCompare)
.\CortexM3\ARM_GCC_541\Debug\Lab3.a(TFT_SPI_IntClock.o)
                              .\CortexM3\ARM_GCC_541\Debug\Lab3.a(TFT_SPI.o) (TFT_SPI_IntClock_Start)
.\CortexM3\ARM_GCC_541\Debug\Lab3.a(CyBootAsmGnu.o)
                              .\CortexM3\ARM_GCC_541\Debug\cyfitter_cfg.o (CyDelayCycles)
.\CortexM3\ARM_GCC_541\Debug\Lab3.a(ErikaOS_ee_gnu_change_context_isr.o)
                              .\CortexM3\ARM_GCC_541\Debug\Lab3.a(ErikaOS_ee_startos.o) (EE_cortex_mx_pendsv_ISR)
.\CortexM3\ARM_GCC_541\Debug\Lab3.a(ErikaOS_ee_gnu_multi_context.o)
                              .\CortexM3\ARM_GCC_541\Debug\Lab3.a(ErikaOS_ee_activate.o) (EE_cortex_mx_change_context)
.\CortexM3\ARM_GCC_541\Debug\Lab3.a(ErikaOS_ee_gnu_oo.o)
                              .\CortexM3\ARM_GCC_541\Debug\Lab3.a(ErikaOS_ee_terminat.o) (EE_hal_terminate_task)
.\CortexM3\ARM_GCC_541\Debug\Lab3.a(CyFlash.o)
                              .\CortexM3\ARM_GCC_541\Debug\Lab3.a(cyPm.o) (CyFlash_SetWaitCycles)
.\CortexM3\ARM_GCC_541\Debug\Lab3.a(CySpc.o)
                              .\CortexM3\ARM_GCC_541\Debug\Lab3.a(CyFlash.o) (CySpcStart)
.\CortexM3\ARM_GCC_541\Debug\Lab3.a(ErikaOS_ee_irqendin.o)
[...]
Memory Configuration

Name             Origin             Length             Attributes
rom              0x00000000         0x00040000         xr
ram              0x1fff8000         0x00010000         xrw
*default*        0x00000000         0xffffffff

Linker script and memory map

LOAD c:/program files (x86)/cypress/psoc creator/4.4/psoc creator/import/gnu/arm/5.4.1/bin/../lib/gcc/arm-none-eabi/5.4.1/armv7-m/crti.o
LOAD c:/program files (x86)/cypress/psoc creator/4.4/psoc creator/import/gnu/arm/5.4.1/bin/../lib/gcc/arm-none-eabi/5.4.1/armv7-m/crtbegin.o
LOAD c:/program files (x86)/cypress/psoc creator/4.4/psoc creator/import/gnu/arm/5.4.1/bin/../lib/gcc/arm-none-eabi/5.4.1/../../../../arm-none-eabi/lib/armv7-m/crt0.o
START GROUP
LOAD .\CortexM3\ARM_GCC_541\Debug\main.o
LOAD .\CortexM3\ARM_GCC_541\Debug\control.o
LOAD .\CortexM3\ARM_GCC_541\Debug\logging.o
LOAD .\CortexM3\ARM_GCC_541\Debug\tft.o
LOAD .\CortexM3\ARM_GCC_541\Debug\CRingBuffer.o
LOAD .\CortexM3\ARM_GCC_541\Debug\jsmn.o
LOAD .\CortexM3\ARM_GCC_541\Debug\drawer.o
LOAD .\CortexM3\ARM_GCC_541\Debug\parserNew.o
LOAD .\CortexM3\ARM_GCC_541\Debug\messageBox.o
LOAD .\CortexM3\ARM_GCC_541\Debug\message.o
LOAD .\CortexM3\ARM_GCC_541\Debug\cyfitter_cfg.o
LOAD .\CortexM3\ARM_GCC_541\Debug\cymetadata.o
LOAD .\CortexM3\ARM_GCC_541\Debug\Cm3Start.o
LOAD .\CortexM3\ARM_GCC_541\Debug\Lab3.a
LOAD C:\Program Files (x86)\Cypress\PSoC Creator\4.4\PSoC Creator\psoc\content\cycomponentlibrary\CyComponentLibrary.cylib\CortexM3\ARM_GCC_541\Debug\CyComponentLibrary.a
END GROUP
START GROUP
LOAD c:/program files (x86)/cypress/psoc creator/4.4/psoc creator/import/gnu/arm/5.4.1/bin/../lib/gcc/arm-none-eabi/5.4.1/armv7-m\libgcc.a
LOAD c:/program files (x86)/cypress/psoc creator/4.4/psoc creator/import/gnu/arm/5.4.1/bin/../lib/gcc/arm-none-eabi/5.4.1/../../../../arm-none-eabi/lib/armv7-m\libg_nano.a
LOAD c:/program files (x86)/cypress/psoc creator/4.4/psoc creator/import/gnu/arm/5.4.1/bin/../lib/gcc/arm-none-eabi/5.4.1/../../../../arm-none-eabi/lib/armv7-m\libc_nano.a
END GROUP
START GROUP
LOAD c:/program files (x86)/cypress/psoc creator/4.4/psoc creator/import/gnu/arm/5.4.1/bin/../lib/gcc/arm-none-eabi/5.4.1/armv7-m\libgcc.a
LOAD c:/program files (x86)/cypress/psoc creator/4.4/psoc creator/import/gnu/arm/5.4.1/bin/../lib/gcc/arm-none-eabi/5.4.1/../../../../arm-none-eabi/lib/armv7-m\libc_nano.a
END GROUP
LOAD c:/program files (x86)/cypress/psoc creator/4.4/psoc creator/import/gnu/arm/5.4.1/bin/../lib/gcc/arm-none-eabi/5.4.1/armv7-m/crtend.o
LOAD c:/program files (x86)/cypress/psoc creator/4.4/psoc creator/import/gnu/arm/5.4.1/bin/../lib/gcc/arm-none-eabi/5.4.1/armv7-m/crtn.o
START GROUP
LOAD c:/program files (x86)/cypress/psoc creator/4.4/psoc creator/import/gnu/arm/5.4.1/bin/../lib/gcc/arm-none-eabi/5.4.1/armv7-m\libgcc.a
LOAD c:/program files (x86)/cypress/psoc creator/4.4/psoc creator/import/gnu/arm/5.4.1/bin/../lib/gcc/arm-none-eabi/5.4.1/../../../../arm-none-eabi/lib/armv7-m\libc.a
LOAD c:/program files (x86)/cypress/psoc creator/4.4/psoc creator/import/gnu/arm/5.4.1/bin/../lib/gcc/arm-none-eabi/5.4.1/../../../../arm-none-eabi/lib/armv7-m\libnosys.a
END GROUP
                0x00000000                CY_APPL_ORIGIN = 0x0
                0x00000100                CY_FLASH_ROW_SIZE = 0x100
                0x00000020                CY_ECC_ROW_SIZE = 0x20
                0x00000000                CY_EE_IN_BTLDR = 0x0
                0x00000000                CY_APPL_LOADABLE = 0x0
                0x00000800                CY_EE_SIZE = 0x800
                0x00000001                CY_APPL_NUM = 0x1
                0x00000001                CY_APPL_MAX = 0x1
                0x00000040                CY_METADATA_SIZE = 0x40
                0x00000000                CY_APPL_LOADABLE = 0x0
                0x00000000                CY_CHECKSUM_EXCLUDE_SIZE = ALIGN (0x0, CY_FLASH_ROW_SIZE)
                [!provide]                PROVIDE (__cy_heap_start, _end)
                0x00000001                PROVIDE (__cy_region_num, ((__cy_regions_end - __cy_regions) / 0x10))
                0x20008000                PROVIDE (__cy_stack, (ORIGIN (ram) + LENGTH (ram)))
                [!provide]                PROVIDE (__cy_heap_end, (__cy_stack - 0x800))

.cybootloader   0x00000000        0x0
 *(.cybootloader)
                0x00000000                appl1_start = CY_APPL_ORIGIN?CY_APPL_ORIGIN:ALIGN (CY_FLASH_ROW_SIZE)
                0x0001ff00                appl2_start = (appl1_start + ALIGN ((((LENGTH (rom) - appl1_start) - (0x2 * CY_FLASH_ROW_SIZE)) / 0x2), CY_FLASH_ROW_SIZE))
                0x00000000                appl_start = (CY_APPL_NUM == 0x1)?appl1_start:appl2_start
                0x00000000                ecc_offset = ((appl_start / CY_FLASH_ROW_SIZE) * CY_ECC_ROW_SIZE)
                0x00000000                ee_offset = (CY_APPL_LOADABLE && ! (CY_EE_IN_BTLDR))?((CY_EE_SIZE / CY_APPL_MAX) * (CY_APPL_NUM - 0x1)):0x0
                0x00000800                ee_size = (CY_APPL_LOADABLE && ! (CY_EE_IN_BTLDR))?(CY_EE_SIZE / CY_APPL_MAX):CY_EE_SIZE
                [!provide]                PROVIDE (CY_ECC_OFFSET, ecc_offset)

.text           0x00000000     0x34de
 CREATE_OBJECT_SYMBOLS
                0x00000000                PROVIDE (__cy_interrupt_vector, RomVectors)
 *(.romvectors)
 .romvectors    0x00000000       0x10 .\CortexM3\ARM_GCC_541\Debug\Cm3Start.o
                0x00000000                RomVectors
                0x00000001                ASSERT ((. != __cy_interrupt_vector), No interrupt vector)
                0x00000001                ASSERT (CY_APPL_ORIGIN?(SIZEOF (.cybootloader) <= CY_APPL_ORIGIN):0x1, Wrong image location)
                0x00000010                PROVIDE (__cy_reset, Reset)
 *(.text.Reset)
 .text.Reset    0x00000010       0x18 .\CortexM3\ARM_GCC_541\Debug\Cm3Start.o
                0x00000010                Reset
                0x00000001                ASSERT ((. != __cy_reset), No reset code)
 *(.dma_init)
                0x00000001                ASSERT ((((appl_start + .) <= 0x10000) || 0x1), DMA Init must be within the first 64k of flash)
 *(.text .text.* .gnu.linkonce.t.*)
 .text          0x00000028       0x5c c:/program files (x86)/cypress/psoc creator/4.4/psoc creator/import/gnu/arm/5.4.1/bin/../lib/gcc/arm-none-eabi/5.4.1/armv7-m/crtbegin.o
 .text.isr_uartRx
                0x00000084       0x24 .\CortexM3\ARM_GCC_541\Debug\main.o
                0x00000084                isr_uartRx
 .text.systick_handler
                0x000000a8        0xc .\CortexM3\ARM_GCC_541\Debug\main.o
                0x000000a8                systick_handler
 .text.main     0x000000b4       0x6c .\CortexM3\ARM_GCC_541\Debug\main.o
                0x000000b4                main
 .text.Functsk_init
                0x00000120       0x28 .\CortexM3\ARM_GCC_541\Debug\main.o
                0x00000120                Functsk_init
 .text.Functsk_background
                0x00000148        0x4 .\CortexM3\ARM_GCC_541\Debug\main.o
                0x00000148                Functsk_background
 .text.Functsk_hmi
                0x0000014c       0xc0 .\CortexM3\ARM_GCC_541\Debug\main.o
                0x0000014c                Functsk_hmi
 .text.Functsk_json
                0x0000020c      0x268 .\CortexM3\ARM_GCC_541\Debug\main.o
                0x0000020c                Functsk_json
 .text.LOG_send
                0x00000474       0x2c .\CortexM3\ARM_GCC_541\Debug\logging.o
                0x00000474                LOG_send
 .text.__TFT_SPI_TX_ISR
                0x000004a0       0x58 .\CortexM3\ARM_GCC_541\Debug\tft.o
                0x000004a0                __TFT_SPI_TX_ISR
 .text.TFT_send
                0x000004f8       0x84 .\CortexM3\ARM_GCC_541\Debug\tft.o
 .text.setAddrWindow
                0x0000057c       0x88 .\CortexM3\ARM_GCC_541\Debug\tft.o
 .text.TFT_setBacklight
                0x00000604       0x10 .\CortexM3\ARM_GCC_541\Debug\tft.o
                0x00000604                TFT_setBacklight
 .text.TFT_setRotation
                0x00000614       0xc0 .\CortexM3\ARM_GCC_541\Debug\tft.o
                0x00000614                TFT_setRotation
 .text.TFT_fillRect
                0x000006d4       0x8c .\CortexM3\ARM_GCC_541\Debug\tft.o
                0x000006d4                TFT_fillRect
 .text.TFT_fillScreen
                0x00000760       0x24 .\CortexM3\ARM_GCC_541\Debug\tft.o
                0x00000760                TFT_fillScreen
 .text.TFT_init
                0x00000784       0xe4 .\CortexM3\ARM_GCC_541\Debug\tft.o
                0x00000784                TFT_init
 .text.TFT_drawPixel
                0x00000868       0x50 .\CortexM3\ARM_GCC_541\Debug\tft.o
                0x00000868                TFT_drawPixel
 .text.TFT_fastVLine
                0x000008b8       0x64 .\CortexM3\ARM_GCC_541\Debug\tft.o
                0x000008b8                TFT_fastVLine
 .text.TFT_writeLine
                0x0000091c       0xc0 .\CortexM3\ARM_GCC_541\Debug\tft.o
                0x0000091c                TFT_writeLine
 .text.TFT_drawChar
                0x000009dc      0x21c .\CortexM3\ARM_GCC_541\Debug\tft.o
                0x000009dc                TFT_drawChar
 .text.TFT_write
                0x00000bf8      0x144 .\CortexM3\ARM_GCC_541\Debug\tft.o
                0x00000bf8                TFT_write
 .text.TFT_print
                0x00000d3c       0x14 .\CortexM3\ARM_GCC_541\Debug\tft.o
                0x00000d3c                TFT_print
 .text.ringBufferCreate
                0x00000d50       0x1c .\CortexM3\ARM_GCC_541\Debug\CRingBuffer.o
                0x00000d50                ringBufferCreate
 .text.ringBufferWrite
                0x00000d6c       0x54 .\CortexM3\ARM_GCC_541\Debug\CRingBuffer.o
                0x00000d6c                ringBufferWrite
 .text.ringBufferRead
                0x00000dc0       0x54 .\CortexM3\ARM_GCC_541\Debug\CRingBuffer.o
                0x00000dc0                ringBufferRead
 .text.jsmn_alloc_token
                0x00000e14       0x20 .\CortexM3\ARM_GCC_541\Debug\jsmn.o
 .text.jsmn_fill_token
                0x00000e34        0xc .\CortexM3\ARM_GCC_541\Debug\jsmn.o
 .text.jsmn_parse_primitive
                0x00000e40       0x80 .\CortexM3\ARM_GCC_541\Debug\jsmn.o
 .text.jsmn_parse_string
                0x00000ec0      0x11c .\CortexM3\ARM_GCC_541\Debug\jsmn.o
 .text.jsmn_parse
                0x00000fdc      0x214 .\CortexM3\ARM_GCC_541\Debug\jsmn.o
                0x00000fdc                jsmn_parse
 .text.jsmn_init
                0x000011f0       0x10 .\CortexM3\ARM_GCC_541\Debug\jsmn.o
                0x000011f0                jsmn_init
 .text.freeDrawer
                0x00001200       0x1c .\CortexM3\ARM_GCC_541\Debug\drawer.o
                0x00001200                freeDrawer
 .text.PARSER_init
                0x0000121c       0x28 .\CortexM3\ARM_GCC_541\Debug\parserNew.o
                0x0000121c                PARSER_init
 .text.PARSER_clear
                0x00001244       0x28 .\CortexM3\ARM_GCC_541\Debug\parserNew.o
                0x00001244                PARSER_clear
 .text.PARSER_addChar
                0x0000126c       0x2c .\CortexM3\ARM_GCC_541\Debug\parserNew.o
                0x0000126c                PARSER_addChar
 .text.PARSER_getNextToken
                0x00001298       0x50 .\CortexM3\ARM_GCC_541\Debug\parserNew.o
                0x00001298                PARSER_getNextToken
 .text.PARSER_resetNextToken
                0x000012e8       0x14 .\CortexM3\ARM_GCC_541\Debug\parserNew.o
                0x000012e8                PARSER_resetNextToken
 .text.MSG_init
                0x000012fc       0x34 .\CortexM3\ARM_GCC_541\Debug\messageBox.o
                0x000012fc                MSG_init
 .text.MSG_sendMessage
                0x00001330       0x44 .\CortexM3\ARM_GCC_541\Debug\messageBox.o
                0x00001330                MSG_sendMessage
 .text.MSG_getSizeOfNextMessage
                0x00001374       0x2c .\CortexM3\ARM_GCC_541\Debug\messageBox.o
                0x00001374                MSG_getSizeOfNextMessage
 .text.MSG_receiveMessage
                0x000013a0       0x60 .\CortexM3\ARM_GCC_541\Debug\messageBox.o
                0x000013a0                MSG_receiveMessage
 .text.initMessage
                0x00001400        0xc .\CortexM3\ARM_GCC_541\Debug\message.o
                0x00001400                initMessage
 .text.createMessage
                0x0000140c        0x8 .\CortexM3\ARM_GCC_541\Debug\message.o
                0x0000140c                createMessage
 .text.freeMessage
                0x00001414       0x18 .\CortexM3\ARM_GCC_541\Debug\message.o
                0x00001414                freeMessage
 .text.CyClockStartupError
                0x0000142c        0x4 .\CortexM3\ARM_GCC_541\Debug\cyfitter_cfg.o
 .text.cfg_write_bytes32
                0x00001430       0x34 .\CortexM3\ARM_GCC_541\Debug\cyfitter_cfg.o
 .text.AnalogSetDefault
                0x00001464       0x28 .\CortexM3\ARM_GCC_541\Debug\cyfitter_cfg.o
 .text.CYMEMZERO
                0x0000148c        0xc .\CortexM3\ARM_GCC_541\Debug\cyfitter_cfg.o
 .text.ClockSetup
                0x00001498       0xd0 .\CortexM3\ARM_GCC_541\Debug\cyfitter_cfg.o
 .text.CYCONFIGCPY
                0x00001568        0x8 .\CortexM3\ARM_GCC_541\Debug\cyfitter_cfg.o
 .text.cyfitter_cfg
                0x00001570      0x110 .\CortexM3\ARM_GCC_541\Debug\cyfitter_cfg.o
                0x00001570                cyfitter_cfg
 .text.IntDefaultHandler
                0x00001680       0x10 .\CortexM3\ARM_GCC_541\Debug\Cm3Start.o
                0x00001680                IntDefaultHandler
 .text._sbrk    0x00001690       0x30 .\CortexM3\ARM_GCC_541\Debug\Cm3Start.o
                0x00001690                _sbrk
 .text.Start_c  0x000016c0       0x4c .\CortexM3\ARM_GCC_541\Debug\Cm3Start.o
                0x000016c0                Start_c
 .text.initialize_psoc
                0x0000170c       0x68 .\CortexM3\ARM_GCC_541\Debug\Cm3Start.o
                0x0000170c                initialize_psoc
 .text.CyDelay  0x00001774       0x2c .\CortexM3\ARM_GCC_541\Debug\Lab3.a(CyLib.o)
                0x00001774                CyDelay
 .text.EE_oo_ActivateTask
                0x000017a0       0xe8 .\CortexM3\ARM_GCC_541\Debug\Lab3.a(ErikaOS_ee_activate.o)
                0x000017a0                EE_oo_ActivateTask
 .text.EE_oo_handle_action_callback
                0x00001888        0xc .\CortexM3\ARM_GCC_541\Debug\Lab3.a(ErikaOS_ee_altick.o)
 .text.EE_oo_handle_action_task
                0x00001894       0x4c .\CortexM3\ARM_GCC_541\Debug\Lab3.a(ErikaOS_ee_altick.o)
 .text.EE_oo_handle_action_event
                0x000018e0       0x60 .\CortexM3\ARM_GCC_541\Debug\Lab3.a(ErikaOS_ee_altick.o)
 .text.EE_oo_handle_action
                0x00001940       0x28 .\CortexM3\ARM_GCC_541\Debug\Lab3.a(ErikaOS_ee_altick.o)
 .text.EE_oo_counter_object_insert
                0x00001968       0x9c .\CortexM3\ARM_GCC_541\Debug\Lab3.a(ErikaOS_ee_altick.o)
                0x00001968                EE_oo_counter_object_insert
 .text.EE_oo_IncrementCounterImplementation
                0x00001a04      0x100 .\CortexM3\ARM_GCC_541\Debug\Lab3.a(ErikaOS_ee_altick.o)
                0x00001a04                EE_oo_IncrementCounterImplementation
 .text.EE_oo_IncrementCounter
                0x00001b04       0xb0 .\CortexM3\ARM_GCC_541\Debug\Lab3.a(ErikaOS_ee_altick.o)
                0x00001b04                EE_oo_IncrementCounter
 .text.EE_oo_ClearEvent
                0x00001bb4       0x5c .\CortexM3\ARM_GCC_541\Debug\Lab3.a(ErikaOS_ee_evclear.o)
                0x00001bb4                EE_oo_ClearEvent
 .text.EE_oo_GetEvent
                0x00001c10       0x40 .\CortexM3\ARM_GCC_541\Debug\Lab3.a(ErikaOS_ee_evget.o)
                0x00001c10                EE_oo_GetEvent
 .text.EE_oo_SetEvent
                0x00001c50      0x100 .\CortexM3\ARM_GCC_541\Debug\Lab3.a(ErikaOS_ee_evset.o)
                0x00001c50                EE_oo_SetEvent
 .text.EE_oo_WaitEvent
                0x00001d50      0x124 .\CortexM3\ARM_GCC_541\Debug\Lab3.a(ErikaOS_ee_evwait.o)
                0x00001d50                EE_oo_WaitEvent
 .text.EE_oo_GetResource
                0x00001e74       0xa8 .\CortexM3\ARM_GCC_541\Debug\Lab3.a(ErikaOS_ee_lockres.o)
                0x00001e74                EE_oo_GetResource
 .text.EE_rq2stk_exchange
                0x00001f1c       0x88 .\CortexM3\ARM_GCC_541\Debug\Lab3.a(ErikaOS_ee_rq_exchg.o)
                0x00001f1c                EE_rq2stk_exchange
 .text.EE_rq_queryfirst
                0x00001fa4       0x44 .\CortexM3\ARM_GCC_541\Debug\Lab3.a(ErikaOS_ee_rq_first.o)
                0x00001fa4                EE_rq_queryfirst
 .text.EE_rq_insert
                0x00001fe8       0x74 .\CortexM3\ARM_GCC_541\Debug\Lab3.a(ErikaOS_ee_rq_inser.o)
                0x00001fe8                EE_rq_insert
 .text.compute_task_tid
                0x0000205c       0x10 .\CortexM3\ARM_GCC_541\Debug\Lab3.a(ErikaOS_ee_startos.o)
 .text.EE_oo_start_os
                0x0000206c        0xc .\CortexM3\ARM_GCC_541\Debug\Lab3.a(ErikaOS_ee_startos.o)
 .text.EE_oo_autostart_tasks
                0x00002078       0x60 .\CortexM3\ARM_GCC_541\Debug\Lab3.a(ErikaOS_ee_startos.o)
 .text.EE_oo_autostart_os
                0x000020d8        0xc .\CortexM3\ARM_GCC_541\Debug\Lab3.a(ErikaOS_ee_startos.o)
 .text.EE_oo_StartOS
                0x000020e4       0x8c .\CortexM3\ARM_GCC_541\Debug\Lab3.a(ErikaOS_ee_startos.o)
                0x000020e4                EE_oo_StartOS
 .text.EE_oo_TerminateTask
                0x00002170       0x50 .\CortexM3\ARM_GCC_541\Debug\Lab3.a(ErikaOS_ee_terminat.o)
                0x00002170                EE_oo_TerminateTask
 .text.EE_oo_ReleaseResource
                0x000021c0      0x124 .\CortexM3\ARM_GCC_541\Debug\Lab3.a(ErikaOS_ee_ulockres.o)
                0x000021c0                EE_oo_ReleaseResource
 .text.EE_system_init
                0x000022e4       0x20 .\CortexM3\ARM_GCC_541\Debug\Lab3.a(ErikaOS_cortex_mx_ee_utils.o)
                0x000022e4                EE_system_init
 .text.UART_LOG_Init
                0x00002304       0x28 .\CortexM3\ARM_GCC_541\Debug\Lab3.a(UART_LOG.o)
                0x00002304                UART_LOG_Init
 .text.UART_LOG_Enable
                0x0000232c       0x38 .\CortexM3\ARM_GCC_541\Debug\Lab3.a(UART_LOG.o)
                0x0000232c                UART_LOG_Enable
 .text.UART_LOG_Start
                0x00002364       0x1c .\CortexM3\ARM_GCC_541\Debug\Lab3.a(UART_LOG.o)
                0x00002364                UART_LOG_Start
 .text.UART_LOG_ReadRxData
                0x00002380        0xc .\CortexM3\ARM_GCC_541\Debug\Lab3.a(UART_LOG.o)
                0x00002380                UART_LOG_ReadRxData
 .text.UART_LOG_PutChar
                0x0000238c       0x18 .\CortexM3\ARM_GCC_541\Debug\Lab3.a(UART_LOG.o)
                0x0000238c                UART_LOG_PutChar
 .text.UART_LOG_PutString
                0x000023a4       0x24 .\CortexM3\ARM_GCC_541\Debug\Lab3.a(UART_LOG.o)
                0x000023a4                UART_LOG_PutString
 .text.isr_uart_SetVector
                0x000023c8        0xc .\CortexM3\ARM_GCC_541\Debug\Lab3.a(isr_uart.o)
                0x000023c8                isr_uart_SetVector
 .text.isr_uart_SetPriority
                0x000023d4       0x10 .\CortexM3\ARM_GCC_541\Debug\Lab3.a(isr_uart.o)
                0x000023d4                isr_uart_SetPriority
 .text.isr_uart_Enable
                0x000023e4        0xc .\CortexM3\ARM_GCC_541\Debug\Lab3.a(isr_uart.o)
                0x000023e4                isr_uart_Enable
 .text.isr_uart_Disable
                0x000023f0        0xc .\CortexM3\ARM_GCC_541\Debug\Lab3.a(isr_uart.o)
                0x000023f0                isr_uart_Disable
 .text.isr_uart_StartEx
                0x000023fc       0x1c .\CortexM3\ARM_GCC_541\Debug\Lab3.a(isr_uart.o)
                0x000023fc                isr_uart_StartEx
 .text.isr_uart_ClearPending
                0x00002418        0xc .\CortexM3\ARM_GCC_541\Debug\Lab3.a(isr_uart.o)
                0x00002418                isr_uart_ClearPending
 .text.UART_LOG_IntClock_Start
                0x00002424       0x1c .\CortexM3\ARM_GCC_541\Debug\Lab3.a(UART_LOG_IntClock.o)
                0x00002424                UART_LOG_IntClock_Start
 .text.TFT_SPI_Enable
                0x00002440       0x34 .\CortexM3\ARM_GCC_541\Debug\Lab3.a(TFT_SPI.o)
                0x00002440                TFT_SPI_Enable
 .text.TFT_SPI_ReadTxStatus
                0x00002474        0xc .\CortexM3\ARM_GCC_541\Debug\Lab3.a(TFT_SPI.o)
                0x00002474                TFT_SPI_ReadTxStatus
 .text.TFT_SPI_ReadRxStatus
                0x00002480        0xc .\CortexM3\ARM_GCC_541\Debug\Lab3.a(TFT_SPI.o)
                0x00002480                TFT_SPI_ReadRxStatus
 .text.TFT_SPI_WriteTxData
                0x0000248c       0x18 .\CortexM3\ARM_GCC_541\Debug\Lab3.a(TFT_SPI.o)
                0x0000248c                TFT_SPI_WriteTxData
 .text.TFT_SPI_ClearFIFO
                0x000024a4       0x3c .\CortexM3\ARM_GCC_541\Debug\Lab3.a(TFT_SPI.o)
                0x000024a4                TFT_SPI_ClearFIFO
 .text.TFT_SPI_Init
                0x000024e0       0x28 .\CortexM3\ARM_GCC_541\Debug\Lab3.a(TFT_SPI.o)
                0x000024e0                TFT_SPI_Init
 .text.TFT_SPI_Start
                0x00002508       0x1c .\CortexM3\ARM_GCC_541\Debug\Lab3.a(TFT_SPI.o)
                0x00002508                TFT_SPI_Start
 .text.TFT_DC_Write
                0x00002524       0x18 .\CortexM3\ARM_GCC_541\Debug\Lab3.a(TFT_DC.o)
                0x00002524                TFT_DC_Write
 .text.TFT_RES_Write
                0x0000253c       0x18 .\CortexM3\ARM_GCC_541\Debug\Lab3.a(TFT_RES.o)
                0x0000253c                TFT_RES_Write
 .text.TFT_BackLight_Enable
                0x00002554       0x28 .\CortexM3\ARM_GCC_541\Debug\Lab3.a(TFT_BackLight.o)
                0x00002554                TFT_BackLight_Enable
 .text.TFT_BackLight_WritePeriod
                0x0000257c        0xc .\CortexM3\ARM_GCC_541\Debug\Lab3.a(TFT_BackLight.o)
                0x0000257c                TFT_BackLight_WritePeriod
 .text.TFT_BackLight_WriteCompare
                0x00002588        0xc .\CortexM3\ARM_GCC_541\Debug\Lab3.a(TFT_BackLight.o)
                0x00002588                TFT_BackLight_WriteCompare
 .text.TFT_BackLight_SetInterruptMode
                0x00002594        0xc .\CortexM3\ARM_GCC_541\Debug\Lab3.a(TFT_BackLight.o)
                0x00002594                TFT_BackLight_SetInterruptMode
 .text.TFT_BackLight_Init
                0x000025a0       0x74 .\CortexM3\ARM_GCC_541\Debug\Lab3.a(TFT_BackLight.o)
                0x000025a0                TFT_BackLight_Init
 .text.TFT_BackLight_Start
                0x00002614       0x1c .\CortexM3\ARM_GCC_541\Debug\Lab3.a(TFT_BackLight.o)
                0x00002614                TFT_BackLight_Start
 .text.TFT_SPI_IntClock_Start
                0x00002630       0x1c .\CortexM3\ARM_GCC_541\Debug\Lab3.a(TFT_SPI_IntClock.o)
                0x00002630                TFT_SPI_IntClock_Start
 *fill*         0x0000264c        0x4 
 .text          0x00002650       0x20 .\CortexM3\ARM_GCC_541\Debug\Lab3.a(CyBootAsmGnu.o)
                0x00002650                CyDelayCycles
                0x00002660                CyEnterCriticalSection
                0x00002668                CyExitCriticalSection
 .text          0x00002670       0x7c .\CortexM3\ARM_GCC_541\Debug\Lab3.a(ErikaOS_ee_gnu_change_context_isr.o)
                0x00002670                EE_set_switch_context_pri
                0x0000268a                EE_switch_context
                0x00002694                EE_cortex_mx_pendsv_ISR
                0x000026d0                EE_cortex_mx_svc_ISR
 .text          0x000026ec       0x68 .\CortexM3\ARM_GCC_541\Debug\Lab3.a(ErikaOS_ee_gnu_multi_context.o)
                0x000026ec                EE_cortex_mx_change_context
 .text          0x00002754       0x80 .\CortexM3\ARM_GCC_541\Debug\Lab3.a(ErikaOS_ee_gnu_oo.o)
                0x00002754                EE_hal_terminate_savestk
                0x0000279e                EE_hal_terminate_task
 .text.EE_IRQ_run_next_task
                0x000027d4       0x30 .\CortexM3\ARM_GCC_541\Debug\Lab3.a(ErikaOS_ee_irqendin.o)
 .text.EE_IRQ_end_instance
                0x00002804       0x68 .\CortexM3\ARM_GCC_541\Debug\Lab3.a(ErikaOS_ee_irqendin.o)
                0x00002804                EE_IRQ_end_instance
 .text.EE_thread_not_terminated
                0x0000286c       0x18 .\CortexM3\ARM_GCC_541\Debug\Lab3.a(ErikaOS_ee_tnterm.o)
                0x0000286c                EE_thread_not_terminated
 .text.EE_oo_thread_stub
                0x00002884       0x10 .\CortexM3\ARM_GCC_541\Debug\Lab3.a(ErikaOS_ee_tstub.o)
                0x00002884                EE_oo_thread_stub
 .text.EE_oo_release_all_resources
                0x00002894       0x58 .\CortexM3\ARM_GCC_541\Debug\Lab3.a(ErikaOS_ee_ulockallres.o)
                0x00002894                EE_oo_release_all_resources
 .text.EE_std_run_task_code
                0x000028ec       0x18 .\CortexM3\ARM_GCC_541\Debug\Lab3.a(ErikaOS_cortex_mx_ee_context.o)
                0x000028ec                EE_std_run_task_code
 .text.EE_std_need_context_change
                0x00002904       0x28 .\CortexM3\ARM_GCC_541\Debug\Lab3.a(ErikaOS_cortex_mx_ee_context.o)
                0x00002904                EE_std_need_context_change
 .text.EE_thread_rnact_max
                0x0000292c       0x20 .\CortexM3\ARM_GCC_541\Debug\Lab3.a(ErikaOS_ee_thendin.o)
 .text.EE_thread_endcycle_next
                0x0000294c       0x30 .\CortexM3\ARM_GCC_541\Debug\Lab3.a(ErikaOS_ee_thendin.o)
 .text.EE_thread_end_instance
                0x0000297c      0x108 .\CortexM3\ARM_GCC_541\Debug\Lab3.a(ErikaOS_ee_thendin.o)
                0x0000297c                EE_thread_end_instance
 .text.atoi     0x00002a84        0x8 c:/program files (x86)/cypress/psoc creator/4.4/psoc creator/import/gnu/arm/5.4.1/bin/../lib/gcc/arm-none-eabi/5.4.1/../../../../arm-none-eabi/lib/armv7-m\libg_nano.a(lib_a-atoi.o)
                0x00002a84                atoi
 .text.__errno  0x00002a8c        0xc c:/program files (x86)/cypress/psoc creator/4.4/psoc creator/import/gnu/arm/5.4.1/bin/../lib/gcc/arm-none-eabi/5.4.1/../../../../arm-none-eabi/lib/armv7-m\libg_nano.a(lib_a-errno.o)
                0x00002a8c                __errno
 .text.__libc_init_array
                0x00002a98       0x4c c:/program files (x86)/cypress/psoc creator/4.4/psoc creator/import/gnu/arm/5.4.1/bin/../lib/gcc/arm-none-eabi/5.4.1/../../../../arm-none-eabi/lib/armv7-m\libg_nano.a(lib_a-init.o)
                0x00002a98                __libc_init_array
 .text.malloc   0x00002ae4       0x10 c:/program files (x86)/cypress/psoc creator/4.4/psoc creator/import/gnu/arm/5.4.1/bin/../lib/gcc/arm-none-eabi/5.4.1/../../../../arm-none-eabi/lib/armv7-m\libg_nano.a(lib_a-malloc.o)
                0x00002ae4                malloc
 .text.free     0x00002af4       0x10 c:/program files (x86)/cypress/psoc creator/4.4/psoc creator/import/gnu/arm/5.4.1/bin/../lib/gcc/arm-none-eabi/5.4.1/../../../../arm-none-eabi/lib/armv7-m\libg_nano.a(lib_a-malloc.o)
                0x00002af4                free
 .text.memcpy   0x00002b04       0x16 c:/program files (x86)/cypress/psoc creator/4.4/psoc creator/import/gnu/arm/5.4.1/bin/../lib/gcc/arm-none-eabi/5.4.1/../../../../arm-none-eabi/lib/armv7-m\libg_nano.a(lib_a-memcpy-stub.o)
                0x00002b04                memcpy
 .text.memset   0x00002b1a       0x10 c:/program files (x86)/cypress/psoc creator/4.4/psoc creator/import/gnu/arm/5.4.1/bin/../lib/gcc/arm-none-eabi/5.4.1/../../../../arm-none-eabi/lib/armv7-m\libg_nano.a(lib_a-memset.o)
                0x00002b1a                memset
 *fill*         0x00002b2a        0x2 
 .text._free_r  0x00002b2c       0x98 c:/program files (x86)/cypress/psoc creator/4.4/psoc creator/import/gnu/arm/5.4.1/bin/../lib/gcc/arm-none-eabi/5.4.1/../../../../arm-none-eabi/lib/armv7-m\libg_nano.a(lib_a-nano-freer.o)
                0x00002b2c                _free_r
 .text._malloc_r
                0x00002bc4       0xbc c:/program files (x86)/cypress/psoc creator/4.4/psoc creator/import/gnu/arm/5.4.1/bin/../lib/gcc/arm-none-eabi/5.4.1/../../../../arm-none-eabi/lib/armv7-m\libg_nano.a(lib_a-nano-mallocr.o)
                0x00002bc4                _malloc_r
 .text._sbrk_r  0x00002c80       0x20 c:/program files (x86)/cypress/psoc creator/4.4/psoc creator/import/gnu/arm/5.4.1/bin/../lib/gcc/arm-none-eabi/5.4.1/../../../../arm-none-eabi/lib/armv7-m\libg_nano.a(lib_a-sbrkr.o)
                0x00002c80                _sbrk_r
 .text.sprintf  0x00002ca0       0x48 c:/program files (x86)/cypress/psoc creator/4.4/psoc creator/import/gnu/arm/5.4.1/bin/../lib/gcc/arm-none-eabi/5.4.1/../../../../arm-none-eabi/lib/armv7-m\libg_nano.a(lib_a-sprintf.o)
                0x00002ca0                siprintf
                0x00002ca0                sprintf
 .text          0x00002ce8       0x14 c:/program files (x86)/cypress/psoc creator/4.4/psoc creator/import/gnu/arm/5.4.1/bin/../lib/gcc/arm-none-eabi/5.4.1/../../../../arm-none-eabi/lib/armv7-m\libg_nano.a(lib_a-strcmp.o)
                0x00002ce8                strcmp
 .text          0x00002cfc       0x10 c:/program files (x86)/cypress/psoc creator/4.4/psoc creator/import/gnu/arm/5.4.1/bin/../lib/gcc/arm-none-eabi/5.4.1/../../../../arm-none-eabi/lib/armv7-m\libg_nano.a(lib_a-strlen.o)
                0x00002cfc                strlen
 .text.strncpy  0x00002d0c       0x26 c:/program files (x86)/cypress/psoc creator/4.4/psoc creator/import/gnu/arm/5.4.1/bin/../lib/gcc/arm-none-eabi/5.4.1/../../../../arm-none-eabi/lib/armv7-m\libg_nano.a(lib_a-strncpy.o)
                0x00002d0c                strncpy
 *fill*         0x00002d32        0x2 
 .text._strtol_r
                0x00002d34      0x10c c:/program files (x86)/cypress/psoc creator/4.4/psoc creator/import/gnu/arm/5.4.1/bin/../lib/gcc/arm-none-eabi/5.4.1/../../../../arm-none-eabi/lib/armv7-m\libg_nano.a(lib_a-strtol.o)
                0x00002d34                _strtol_r
 .text.strtol   0x00002e40       0x14 c:/program files (x86)/cypress/psoc creator/4.4/psoc creator/import/gnu/arm/5.4.1/bin/../lib/gcc/arm-none-eabi/5.4.1/../../../../arm-none-eabi/lib/armv7-m\libg_nano.a(lib_a-strtol.o)
                0x00002e40                strtol
 .text.__malloc_lock
                0x00002e54        0x2 c:/program files (x86)/cypress/psoc creator/4.4/psoc creator/import/gnu/arm/5.4.1/bin/../lib/gcc/arm-none-eabi/5.4.1/../../../../arm-none-eabi/lib/armv7-m\libg_nano.a(lib_a-mlock.o)
                0x00002e54                __malloc_lock
 .text.__malloc_unlock
                0x00002e56        0x2 c:/program files (x86)/cypress/psoc creator/4.4/psoc creator/import/gnu/arm/5.4.1/bin/../lib/gcc/arm-none-eabi/5.4.1/../../../../arm-none-eabi/lib/armv7-m\libg_nano.a(lib_a-mlock.o)
                0x00002e56                __malloc_unlock
 .text.__ssputs_r
                0x00002e58       0xb2 c:/program files (x86)/cypress/psoc creator/4.4/psoc creator/import/gnu/arm/5.4.1/bin/../lib/gcc/arm-none-eabi/5.4.1/../../../../arm-none-eabi/lib/armv7-m\libg_nano.a(lib_a-nano-svfprintf.o)
                0x00002e58                __ssputs_r
 *fill*         0x00002f0a        0x2 
 .text._svfprintf_r
                0x00002f0c      0x1e8 c:/program files (x86)/cypress/psoc creator/4.4/psoc creator/import/gnu/arm/5.4.1/bin/../lib/gcc/arm-none-eabi/5.4.1/../../../../arm-none-eabi/lib/armv7-m\libg_nano.a(lib_a-nano-svfprintf.o)
                0x00002f0c                _svfiprintf_r
                0x00002f0c                _svfprintf_r
 .text._printf_common
                0x000030f4       0xec c:/program files (x86)/cypress/psoc creator/4.4/psoc creator/import/gnu/arm/5.4.1/bin/../lib/gcc/arm-none-eabi/5.4.1/../../../../arm-none-eabi/lib/armv7-m\libg_nano.a(lib_a-nano-vfprintf_i.o)
                0x000030f4                _printf_common
 .text._printf_i
                0x000031e0      0x24c c:/program files (x86)/cypress/psoc creator/4.4/psoc creator/import/gnu/arm/5.4.1/bin/../lib/gcc/arm-none-eabi/5.4.1/../../../../arm-none-eabi/lib/armv7-m\libg_nano.a(lib_a-nano-vfprintf_i.o)
                0x000031e0                _printf_i
 .text.memchr   0x0000342c       0x1c c:/program files (x86)/cypress/psoc creator/4.4/psoc creator/import/gnu/arm/5.4.1/bin/../lib/gcc/arm-none-eabi/5.4.1/../../../../arm-none-eabi/lib/armv7-m\libg_nano.a(lib_a-memchr-stub.o)
                0x0000342c                memchr
 .text.memmove  0x00003448       0x36 c:/program files (x86)/cypress/psoc creator/4.4/psoc creator/import/gnu/arm/5.4.1/bin/../lib/gcc/arm-none-eabi/5.4.1/../../../../arm-none-eabi/lib/armv7-m\libg_nano.a(lib_a-memmove.o)
                0x00003448                memmove
 .text._realloc_r
                0x0000347e       0x4c c:/program files (x86)/cypress/psoc creator/4.4/psoc creator/import/gnu/arm/5.4.1/bin/../lib/gcc/arm-none-eabi/5.4.1/../../../../arm-none-eabi/lib/armv7-m\libg_nano.a(lib_a-nano-reallocr.o)
                0x0000347e                _realloc_r
 .text._malloc_usable_size_r
                0x000034ca       0x14 c:/program files (x86)/cypress/psoc creator/4.4/psoc creator/import/gnu/arm/5.4.1/bin/../lib/gcc/arm-none-eabi/5.4.1/../../../../arm-none-eabi/lib/armv7-m\libg_nano.a(lib_a-nano-msizer.o)
                0x000034ca                _malloc_usable_size_r
 *(.plt)
 *(.gnu.warning)
 *(.glue_7t)
 .glue_7t       0x000034de        0x0 linker stubs
 *(.glue_7)
 .glue_7        0x000034de        0x0 linker stubs
 *(.vfp11_veneer)
 .vfp11_veneer  0x000034de        0x0 linker stubs
 *(.bootloader)
 *(.ARM.extab* .gnu.linkonce.armextab.*)
 *(.gcc_except_table)

.v4_bx          0x000034e0        0x0
 .v4_bx         0x000034e0        0x0 linker stubs

.iplt           0x000034e0        0x0
 .iplt          0x000034e0        0x0 c:/program files (x86)/cypress/psoc creator/4.4/psoc creator/import/gnu/arm/5.4.1/bin/../lib/gcc/arm-none-eabi/5.4.1/armv7-m/crtbegin.o

.eh_frame_hdr
 *(.eh_frame_hdr)

.eh_frame       0x000034e0        0x4
 *(.eh_frame)
 .eh_frame      0x000034e0        0x0 c:/program files (x86)/cypress/psoc creator/4.4/psoc creator/import/gnu/arm/5.4.1/bin/../lib/gcc/arm-none-eabi/5.4.1/armv7-m/crtbegin.o
 .eh_frame      0x000034e0        0x4 c:/program files (x86)/cypress/psoc creator/4.4/psoc creator/import/gnu/arm/5.4.1/bin/../lib/gcc/arm-none-eabi/5.4.1/armv7-m/crtend.o
                [!provide]                PROVIDE (__exidx_start, .)

.ARM.exidx
 *(.ARM.exidx* .gnu.linkonce.armexidx.*)
                0x000034e4                __exidx_end = .

.rodata         0x000034e4      0xb6c
 *(.rodata .rodata.* .gnu.linkonce.r.*)
 .rodata.str1.4
                0x000034e4      0x15e .\CortexM3\ARM_GCC_541\Debug\main.o
                                0x162 (size before relaxing)
 *fill*         0x00003642        0x2 
 .rodata.str1.4
                0x00003644       0x14 .\CortexM3\ARM_GCC_541\Debug\logging.o
                                 0x18 (size before relaxing)
 .rodata        0x00003658      0x558 .\CortexM3\ARM_GCC_541\Debug\tft.o
 .rodata.str1.4
                0x00003bb0       0x14 .\CortexM3\ARM_GCC_541\Debug\tft.o
 .rodata.str1.4
                0x00003bc4       0x32 .\CortexM3\ARM_GCC_541\Debug\messageBox.o
 *fill*         0x00003bf6        0x2 
 .rodata        0x00003bf8       0x66 .\CortexM3\ARM_GCC_541\Debug\cyfitter_cfg.o
 *fill*         0x00003c5e        0x2 
 .rodata        0x00003c60       0xc4 .\CortexM3\ARM_GCC_541\Debug\Lab3.a(ErikaOS_eecfg.o)
                0x00003c60                EE_oo_autostart_task_data
                0x00003c6c                EE_oo_action_ROM
                0x00003c80                EE_oo_counter_object_ROM
                0x00003c8c                EE_ALARM_ID
                0x00003c90                EE_alarm_ROM
                0x00003c94                EE_counter_ROM
                0x00003ca0                EE_resource_ceiling
                0x00003ca4                EE_th_is_extended
                0x00003cb4                EE_th_rnact_max
                0x00003cc4                EE_th_dispatch_prio
                0x00003cd4                EE_EVENT_ID
                0x00003cdc                EE_RESOURCE_ID
                0x00003ce0                EE_th_ready_prio
                0x00003cf0                EE_terminate_real_th_body
                0x00003d00                EE_hal_thread_body
                0x00003d10                EE_std_thread_tos
 .rodata.str1.4
                0x00003d24       0x5c .\CortexM3\ARM_GCC_541\Debug\Lab3.a(ErikaOS_eecfg.o)
 .rodata        0x00003d80      0x100 .\CortexM3\ARM_GCC_541\Debug\Lab3.a(ErikaOS_ee_lookup.o)
                0x00003d80                EE_rq_lookup
 .rodata.str1.1
                0x00003e80        0x2 c:/program files (x86)/cypress/psoc creator/4.4/psoc creator/import/gnu/arm/5.4.1/bin/../lib/gcc/arm-none-eabi/5.4.1/../../../../arm-none-eabi/lib/armv7-m\libg_nano.a(lib_a-impure.o)
 .rodata._ctype_
                0x00003e82      0x101 c:/program files (x86)/cypress/psoc creator/4.4/psoc creator/import/gnu/arm/5.4.1/bin/../lib/gcc/arm-none-eabi/5.4.1/../../../../arm-none-eabi/lib/armv7-m\libg_nano.a(lib_a-ctype_.o)
                0x00003e82                _ctype_
 *fill*         0x00003f83        0x1 
 .rodata.__sf_fake_stdin
                0x00003f84       0x20 c:/program files (x86)/cypress/psoc creator/4.4/psoc creator/import/gnu/arm/5.4.1/bin/../lib/gcc/arm-none-eabi/5.4.1/../../../../arm-none-eabi/lib/armv7-m\libg_nano.a(lib_a-findfp.o)
                0x00003f84                __sf_fake_stdin
 .rodata.__sf_fake_stdout
                0x00003fa4       0x20 c:/program files (x86)/cypress/psoc creator/4.4/psoc creator/import/gnu/arm/5.4.1/bin/../lib/gcc/arm-none-eabi/5.4.1/../../../../arm-none-eabi/lib/armv7-m\libg_nano.a(lib_a-findfp.o)
                0x00003fa4                __sf_fake_stdout
 .rodata.__sf_fake_stderr
                0x00003fc4       0x20 c:/program files (x86)/cypress/psoc creator/4.4/psoc creator/import/gnu/arm/5.4.1/bin/../lib/gcc/arm-none-eabi/5.4.1/../../../../arm-none-eabi/lib/armv7-m\libg_nano.a(lib_a-findfp.o)
                0x00003fc4                __sf_fake_stderr
 .rodata.str1.1
                0x00003fe4       0x11 c:/program files (x86)/cypress/psoc creator/4.4/psoc creator/import/gnu/arm/5.4.1/bin/../lib/gcc/arm-none-eabi/5.4.1/../../../../arm-none-eabi/lib/armv7-m\libg_nano.a(lib_a-nano-svfprintf.o)
 .rodata.str1.1
                0x00003ff5       0x22 c:/program files (x86)/cypress/psoc creator/4.4/psoc creator/import/gnu/arm/5.4.1/bin/../lib/gcc/arm-none-eabi/5.4.1/../../../../arm-none-eabi/lib/armv7-m\libg_nano.a(lib_a-nano-vfprintf_i.o)
                0x00004018                . = ALIGN (0x4)
 *fill*         0x00004017        0x1 
 *(.init)
 .init          0x00004018        0x4 c:/program files (x86)/cypress/psoc creator/4.4/psoc creator/import/gnu/arm/5.4.1/bin/../lib/gcc/arm-none-eabi/5.4.1/armv7-m/crti.o
                0x00004018                _init
 .init          0x0000401c        0x8 c:/program files (x86)/cypress/psoc creator/4.4/psoc creator/import/gnu/arm/5.4.1/bin/../lib/gcc/arm-none-eabi/5.4.1/armv7-m/crtn.o
                0x00004024                . = ALIGN (0x4)
                0x00004024                __preinit_array_start = .
 *(.preinit_array)
                0x00004024                __preinit_array_end = .
                0x00004024                . = ALIGN (0x4)
                0x00004024                __init_array_start = .
 *(SORT(.init_array.*))
 *(.init_array)
 .init_array    0x00004024        0x4 c:/program files (x86)/cypress/psoc creator/4.4/psoc creator/import/gnu/arm/5.4.1/bin/../lib/gcc/arm-none-eabi/5.4.1/armv7-m/crtbegin.o
 .init_array    0x00004028        0x4 .\CortexM3\ARM_GCC_541\Debug\Cm3Start.o
                0x0000402c                __init_array_end = .
                0x0000402c                . = ALIGN (0x4)
 *(.fini)
 .fini          0x0000402c        0x4 c:/program files (x86)/cypress/psoc creator/4.4/psoc creator/import/gnu/arm/5.4.1/bin/../lib/gcc/arm-none-eabi/5.4.1/armv7-m/crti.o
                0x0000402c                _fini
 .fini          0x00004030        0x8 c:/program files (x86)/cypress/psoc creator/4.4/psoc creator/import/gnu/arm/5.4.1/bin/../lib/gcc/arm-none-eabi/5.4.1/armv7-m/crtn.o
                0x00004038                . = ALIGN (0x4)
                0x00004038                __fini_array_start = .
 *(.fini_array)
 .fini_array    0x00004038        0x4 c:/program files (x86)/cypress/psoc creator/4.4/psoc creator/import/gnu/arm/5.4.1/bin/../lib/gcc/arm-none-eabi/5.4.1/armv7-m/crtbegin.o
 *(SORT(.fini_array.*))
                0x0000403c                __fini_array_end = .
                0x0000403c                . = ALIGN (0x4)
 *crtbegin.o(.ctors)
 *(EXCLUDE_FILE(*crtend.o) .ctors)
 *(SORT(.ctors.*))
 *crtend.o(.ctors)
                0x0000403c                . = ALIGN (0x4)
 *crtbegin.o(.dtors)
 *(EXCLUDE_FILE(*crtend.o) .dtors)
 *(SORT(.dtors.*))
 *crtend.o(.dtors)
                0x0000403c                . = ALIGN (0x4)
                0x0000403c                __cy_regions = .
                0x0000403c        0x4 LONG 0x4050 __cy_region_init_ram
                0x00004040        0x4 LONG 0x1fff80c8 __cy_region_start_data
                0x00004044        0x4 LONG 0x1b0 __cy_region_init_size_ram
                0x00004048        0x4 LONG 0x4c98 __cy_region_zero_size_ram
                0x0000404c                __cy_regions_end = .
                0x00004050                . = ALIGN (0x8)
 *fill*         0x0000404c        0x4 
                0x00004050                _etext = .

.cy_checksum_exclude
                0x00004050        0x0
 *(.cy_checksum_exclude)

.ramvectors     0x1fff8000       0xc0
                0x1fff8000                __cy_region_start_ram = .
 *(.ramvectors)
 .ramvectors    0x1fff8000       0xc0 .\CortexM3\ARM_GCC_541\Debug\Cm3Start.o
                0x1fff8000                CyRamVectors

.noinit         0x1fff80c0        0x1
 *(.noinit)
 .noinit        0x1fff80c0        0x1 .\CortexM3\ARM_GCC_541\Debug\Lab3.a(CyLib.o)
                0x1fff80c0                CyResetStatus

.data           0x1fff80c8      0x1b0 load address 0x00004050
                0x1fff80c8                __cy_region_start_data = .
 *(.jcr)
 .jcr           0x1fff80c8        0x0 c:/program files (x86)/cypress/psoc creator/4.4/psoc creator/import/gnu/arm/5.4.1/bin/../lib/gcc/arm-none-eabi/5.4.1/armv7-m/crtbegin.o
 .jcr           0x1fff80c8        0x4 c:/program files (x86)/cypress/psoc creator/4.4/psoc creator/import/gnu/arm/5.4.1/bin/../lib/gcc/arm-none-eabi/5.4.1/armv7-m/crtend.o
 *(.got.plt)
 *(.got)
 *(.shdata)
 *(.data .data.* .gnu.linkonce.d.*)
 .data          0x1fff80cc        0x4 .\CortexM3\ARM_GCC_541\Debug\Cm3Start.o
 .data          0x1fff80d0       0x10 .\CortexM3\ARM_GCC_541\Debug\Lab3.a(CyLib.o)
                0x1fff80d0                cydelay_32k_ms
                0x1fff80d4                cydelay_freq_khz
                0x1fff80d8                cydelay_freq_mhz
                0x1fff80dc                cydelay_freq_hz
 .data          0x1fff80e0      0x130 .\CortexM3\ARM_GCC_541\Debug\Lab3.a(ErikaOS_eecfg.o)
                0x1fff80e0                EE_ALARM_NAME
                0x1fff80e4                EE_counter_RAM
                0x1fff80ec                EE_resource_stack
                0x1fff80f0                EE_th_resource_last
                0x1fff8100                EE_th_terminate_nextask
                0x1fff8110                EE_rq_pairs_next
                0x1fff8120                EE_rq_link
                0x1fff8130                EE_th_rnact
                0x1fff8140                EE_rq_queues_tail
                0x1fff8180                EE_rq_queues_head
                0x1fff81c0                EE_stkfirst
                0x1fff81c4                EE_th_next
                0x1fff81d4                EE_th_status
                0x1fff81e4                EE_EVENT_NAME
                0x1fff81ec                EE_RESOURCE_NAME
                0x1fff81f0                EE_TASK_NAME
                0x1fff8200                EE_cortex_mx_IRQ_tos
                0x1fff8204                EE_cortex_mx_system_tos
 .data.impure_data
                0x1fff8210       0x60 c:/program files (x86)/cypress/psoc creator/4.4/psoc creator/import/gnu/arm/5.4.1/bin/../lib/gcc/arm-none-eabi/5.4.1/../../../../arm-none-eabi/lib/armv7-m\libg_nano.a(lib_a-impure.o)
 .data._impure_ptr
                0x1fff8270        0x4 c:/program files (x86)/cypress/psoc creator/4.4/psoc creator/import/gnu/arm/5.4.1/bin/../lib/gcc/arm-none-eabi/5.4.1/../../../../arm-none-eabi/lib/armv7-m\libg_nano.a(lib_a-impure.o)
                0x1fff8270                _impure_ptr
 .data.__ctype_ptr__
                0x1fff8274        0x4 c:/program files (x86)/cypress/psoc creator/4.4/psoc creator/import/gnu/arm/5.4.1/bin/../lib/gcc/arm-none-eabi/5.4.1/../../../../arm-none-eabi/lib/armv7-m\libg_nano.a(lib_a-ctype_.o)
                0x1fff8274                __ctype_ptr__
                0x1fff8278                . = ALIGN (0x8)
 *(.ram)
                0x1fff8278                _edata = .

.igot.plt       0x1fff8278        0x0 load address 0x00004200
 .igot.plt      0x1fff8278        0x0 c:/program files (x86)/cypress/psoc creator/4.4/psoc creator/import/gnu/arm/5.4.1/bin/../lib/gcc/arm-none-eabi/5.4.1/armv7-m/crtbegin.o

.bss            0x1fff8278     0x4c98 load address 0x00004200
                0x1fff8278                PROVIDE (__bss_start__, .)
 *(.shbss)
 *(.bss .bss.* .gnu.linkonce.b.*)
 .bss           0x1fff8278       0x1c c:/program files (x86)/cypress/psoc creator/4.4/psoc creator/import/gnu/arm/5.4.1/bin/../lib/gcc/arm-none-eabi/5.4.1/armv7-m/crtbegin.o
 .bss           0x1fff8294       0xe6 .\CortexM3\ARM_GCC_541\Debug\tft.o
 *fill*         0x1fff837a        0x2 
 .bss           0x1fff837c       0x44 .\CortexM3\ARM_GCC_541\Debug\Lab3.a(ErikaOS_eecfg.o)
                0x1fff837c                EE_resource_locked
                0x1fff8380                EE_th_waswaiting
                0x1fff8390                EE_th_event_waitmask
                0x1fff83a0                EE_th_event_active
                0x1fff83b0                EE_rq_free
                0x1fff83b4                EE_rq_bitmask
                0x1fff83b8                EE_sys_ceiling
                0x1fff83bc                EE_cortex_mx_active_tos
 .bss           0x1fff83c0        0x2 .\CortexM3\ARM_GCC_541\Debug\Lab3.a(UART_LOG.o)
                0x1fff83c0                UART_LOG_initVar
 .bss           0x1fff83c2        0x1 .\CortexM3\ARM_GCC_541\Debug\Lab3.a(TFT_SPI.o)
                0x1fff83c2                TFT_SPI_initVar
 .bss           0x1fff83c3        0x1 .\CortexM3\ARM_GCC_541\Debug\Lab3.a(TFT_BackLight.o)
                0x1fff83c3                TFT_BackLight_initVar
 .bss.__malloc_sbrk_start
                0x1fff83c4        0x4 c:/program files (x86)/cypress/psoc creator/4.4/psoc creator/import/gnu/arm/5.4.1/bin/../lib/gcc/arm-none-eabi/5.4.1/../../../../arm-none-eabi/lib/armv7-m\libg_nano.a(lib_a-nano-mallocr.o)
                0x1fff83c4                __malloc_sbrk_start
 .bss.__malloc_free_list
                0x1fff83c8        0x4 c:/program files (x86)/cypress/psoc creator/4.4/psoc creator/import/gnu/arm/5.4.1/bin/../lib/gcc/arm-none-eabi/5.4.1/../../../../arm-none-eabi/lib/armv7-m\libg_nano.a(lib_a-nano-mallocr.o)
                0x1fff83c8                __malloc_free_list
 *(COMMON)
 COMMON         0x1fff83cc      0x8f0 .\CortexM3\ARM_GCC_541\Debug\main.o
                0x1fff83cc                jsonParser
                0x1fff8ca4                messageBox
                0x1fff8cb4                ringBuffer
 COMMON         0x1fff8cbc        0x4 .\CortexM3\ARM_GCC_541\Debug\Lab3.a(ErikaOS_ee_startos.o)
                0x1fff8cbc                EE_oo_started
 COMMON         0x1fff8cc0        0x8 .\CortexM3\ARM_GCC_541\Debug\Lab3.a(ErikaOS_common_ee_hal_structs.o)
                0x1fff8cc0                EE_IRQ_nesting_level
                0x1fff8cc4                EE_std_endcycle_next_tid
 COMMON         0x1fff8cc8     0x4238 .\CortexM3\ARM_GCC_541\Debug\Lab3.a(ErikaOS_eecfg.o)
                0x1fff8cc8                EE_cortex_mx_stack_3
                0x1fffacc8                EE_rq_pairs_tid
                0x1fffacd8                EE_terminate_data
                0x1ffface8                EE_oo_counter_object_RAM
                0x1fffacf8                EE_resource_oldceiling
                0x1fffacfc                EE_ApplicationMode
                0x1fffad00                EE_cortex_mx_stack_4
                0x1fffcd00                EE_cortex_mx_stack_9
 COMMON         0x1fffcf00        0x8 .\CortexM3\ARM_GCC_541\Debug\Lab3.a(ErikaOS_ee_lookup.o)
                0x1fffcf00                EE_oo_IRQ_disable_count
                0x1fffcf04                EE_oo_IRQ_suspend_status
 COMMON         0x1fffcf08        0x4 c:/program files (x86)/cypress/psoc creator/4.4/psoc creator/import/gnu/arm/5.4.1/bin/../lib/gcc/arm-none-eabi/5.4.1/../../../../arm-none-eabi/lib/armv7-m\libg_nano.a(lib_a-reent.o)
                0x1fffcf08                errno
                0x1fffcf10                . = ALIGN (0x8)
 *fill*         0x1fffcf0c        0x4 
 *(.ram.b)
                0x1fffcf10                _end = .
                0x1fffcf10                __end = .
                0x1fffcf10                PROVIDE (end, .)
                0x1fffcf10                PROVIDE (__bss_end__, .)
                0x00004050                __cy_region_init_ram = LOADADDR (.data)
                0x000001b0                __cy_region_init_size_ram = (_edata - ADDR (.data))
                0x00004c98                __cy_region_zero_size_ram = (_end - _edata)

.heap           0x1fffcf10      0x800 load address 0x00004200
                0x1fffcf10                . = _end
                0x1fffd710                . = (. + 0x800)
 *fill*         0x1fffcf10      0x800 
                0x1fffd710                __cy_heap_limit = .

.stack          0x20007800      0x800
                0x20007800                __cy_stack_limit = .
                0x20008000                . = (. + 0x800)
 *fill*         0x20007800      0x800 
                0x00000001                ASSERT ((__cy_stack_limit >= __cy_heap_limit), region RAM overflowed with stack)
                0x00000000                cy_checksum_exclude_size = (CY_APPL_LOADABLE == 0x1)?SIZEOF (.cy_checksum_exclude):0x0
                0x00000001                ASSERT ((cy_checksum_exclude_size <= CY_CHECKSUM_EXCLUDE_SIZE), CY_BOOT: Section .cy_checksum_exclude size exceedes specified limit.)

.cyloadermeta
 *(.cyloadermeta)

.cyloadablemeta
 *(.cyloadablemeta)

.cyconfigecc    0x80000000      0x574
 *(.cyconfigecc)
 .cyconfigecc   0x80000000      0x574 .\CortexM3\ARM_GCC_541\Debug\cymetadata.o
                0x80000000                cy_meta_configecc

.cycustnvl      0x90000000        0x4
 *(.cycustnvl)
 .cycustnvl     0x90000000        0x4 .\CortexM3\ARM_GCC_541\Debug\cymetadata.o
                0x90000000                cy_meta_custnvl

.cywolatch      0x90100000        0x4
 *(.cywolatch)
 .cywolatch     0x90100000        0x4 .\CortexM3\ARM_GCC_541\Debug\cymetadata.o
                0x90100000                cy_meta_wonvl

.cyeeprom       0x90200000        0x0
 *(.cyeeprom)
                0x00000001                ASSERT ((. <= ((0x90200000 + ee_offset) + ee_size)), .cyeeprom data will not fit in EEPROM)

.cyflashprotect
                0x90400000      0x100
 *(.cyflashprotect)
 .cyflashprotect
                0x90400000      0x100 .\CortexM3\ARM_GCC_541\Debug\cymetadata.o
                0x90400000                cy_meta_flashprotect

.cymeta         0x90500000        0xc
 *(.cymeta)
 .cymeta        0x90500000        0xc .\CortexM3\ARM_GCC_541\Debug\cymetadata.o
                0x90500000                cy_metadata

.rel.dyn        0x00004200        0x0 load address 0x9050000c
 .rel.iplt      0x00004200        0x0 c:/program files (x86)/cypress/psoc creator/4.4/psoc creator/import/gnu/arm/5.4.1/bin/../lib/gcc/arm-none-eabi/5.4.1/armv7-m/crtbegin.o

.stab           0x00000000       0x9c
 *(.stab)
 .stab          0x00000000       0x24 c:/program files (x86)/cypress/psoc creator/4.4/psoc creator/import/gnu/arm/5.4.1/bin/../lib/gcc/arm-none-eabi/5.4.1/../../../../arm-none-eabi/lib/armv7-m\libnosys.a(close.o)
 .stab          0x00000024       0x18 c:/program files (x86)/cypress/psoc creator/4.4/psoc creator/import/gnu/arm/5.4.1/bin/../lib/gcc/arm-none-eabi/5.4.1/../../../../arm-none-eabi/lib/armv7-m\libnosys.a(fstat.o)
                                 0x24 (size before relaxing)
 .stab          0x0000003c       0x18 c:/program files (x86)/cypress/psoc creator/4.4/psoc creator/import/gnu/arm/5.4.1/bin/../lib/gcc/arm-none-eabi/5.4.1/../../../../arm-none-eabi/lib/armv7-m\libnosys.a(isatty.o)
                                 0x24 (size before relaxing)
 .stab          0x00000054       0x18 c:/program files (x86)/cypress/psoc creator/4.4/psoc creator/import/gnu/arm/5.4.1/bin/../lib/gcc/arm-none-eabi/5.4.1/../../../../arm-none-eabi/lib/armv7-m\libnosys.a(lseek.o)
                                 0x24 (size before relaxing)
 .stab          0x0000006c       0x18 c:/program files (x86)/cypress/psoc creator/4.4/psoc creator/import/gnu/arm/5.4.1/bin/../lib/gcc/arm-none-eabi/5.4.1/../../../../arm-none-eabi/lib/armv7-m\libnosys.a(read.o)
                                 0x24 (size before relaxing)
 .stab          0x00000084       0x18 c:/program files (x86)/cypress/psoc creator/4.4/psoc creator/import/gnu/arm/5.4.1/bin/../lib/gcc/arm-none-eabi/5.4.1/../../../../arm-none-eabi/lib/armv7-m\libnosys.a(write.o)
                                 0x24 (size before relaxing)

.stabstr        0x00000000      0x14d
 *(.stabstr)
 .stabstr       0x00000000      0x14d c:/program files (x86)/cypress/psoc creator/4.4/psoc creator/import/gnu/arm/5.4.1/bin/../lib/gcc/arm-none-eabi/5.4.1/../../../../arm-none-eabi/lib/armv7-m\libnosys.a(close.o)

.debug
 *(.debug)

.line
 *(.line)

.debug_srcinfo
 *(.debug_srcinfo)

.debug_sfnames
 *(.debug_sfnames)

.debug_aranges  0x00000000     0x1040
 *(.debug_aranges)
 .debug_aranges
                0x00000000       0x58 .\CortexM3\ARM_GCC_541\Debug\main.o
 .debug_aranges
                0x00000058       0x28 .\CortexM3\ARM_GCC_541\Debug\logging.o
 .debug_aranges
                0x00000080      0x178 .\CortexM3\ARM_GCC_541\Debug\tft.o
 .debug_aranges
                0x000001f8       0x38 .\CortexM3\ARM_GCC_541\Debug\CRingBuffer.o
 .debug_aranges
                0x00000230       0x48 .\CortexM3\ARM_GCC_541\Debug\jsmn.o
 .debug_aranges
                0x00000278       0x28 .\CortexM3\ARM_GCC_541\Debug\drawer.o
 .debug_aranges
                0x000002a0       0x60 .\CortexM3\ARM_GCC_541\Debug\parserNew.o
 .debug_aranges
                0x00000300       0x40 .\CortexM3\ARM_GCC_541\Debug\messageBox.o
 .debug_aranges
                0x00000340       0x30 .\CortexM3\ARM_GCC_541\Debug\message.o
 .debug_aranges
                0x00000370       0x58 .\CortexM3\ARM_GCC_541\Debug\cyfitter_cfg.o
 .debug_aranges
                0x000003c8       0x18 .\CortexM3\ARM_GCC_541\Debug\cymetadata.o
 .debug_aranges
                0x000003e0       0x48 .\CortexM3\ARM_GCC_541\Debug\Cm3Start.o
 .debug_aranges
                0x00000428      0x2a0 .\CortexM3\ARM_GCC_541\Debug\Lab3.a(CyLib.o)
 .debug_aranges
                0x000006c8       0x98 .\CortexM3\ARM_GCC_541\Debug\Lab3.a(cyPm.o)
 .debug_aranges
                0x00000760       0x20 .\CortexM3\ARM_GCC_541\Debug\Lab3.a(ErikaOS_ee_activate.o)
 .debug_aranges
                0x00000780       0x58 .\CortexM3\ARM_GCC_541\Debug\Lab3.a(ErikaOS_ee_altick.o)
 .debug_aranges
                0x000007d8       0x20 .\CortexM3\ARM_GCC_541\Debug\Lab3.a(ErikaOS_ee_evclear.o)
 .debug_aranges
                0x000007f8       0x20 .\CortexM3\ARM_GCC_541\Debug\Lab3.a(ErikaOS_ee_evget.o)
 .debug_aranges
                0x00000818       0x20 .\CortexM3\ARM_GCC_541\Debug\Lab3.a(ErikaOS_ee_evset.o)
 .debug_aranges
                0x00000838       0x20 .\CortexM3\ARM_GCC_541\Debug\Lab3.a(ErikaOS_ee_evwait.o)
 .debug_aranges
                0x00000858       0x20 .\CortexM3\ARM_GCC_541\Debug\Lab3.a(ErikaOS_ee_lockres.o)
 .debug_aranges
                0x00000878       0x20 .\CortexM3\ARM_GCC_541\Debug\Lab3.a(ErikaOS_ee_rq_exchg.o)
 .debug_aranges
                0x00000898       0x20 .\CortexM3\ARM_GCC_541\Debug\Lab3.a(ErikaOS_ee_rq_first.o)
 .debug_aranges
                0x000008b8       0x20 .\CortexM3\ARM_GCC_541\Debug\Lab3.a(ErikaOS_ee_rq_inser.o)
 .debug_aranges
                0x000008d8       0x40 .\CortexM3\ARM_GCC_541\Debug\Lab3.a(ErikaOS_ee_startos.o)
 .debug_aranges
                0x00000918       0x20 .\CortexM3\ARM_GCC_541\Debug\Lab3.a(ErikaOS_ee_terminat.o)
 .debug_aranges
                0x00000938       0x20 .\CortexM3\ARM_GCC_541\Debug\Lab3.a(ErikaOS_ee_ulockres.o)
 .debug_aranges
                0x00000958       0x20 .\CortexM3\ARM_GCC_541\Debug\Lab3.a(ErikaOS_cortex_mx_ee_utils.o)
 .debug_aranges
                0x00000978       0x18 .\CortexM3\ARM_GCC_541\Debug\Lab3.a(ErikaOS_common_ee_hal_structs.o)
 .debug_aranges
                0x00000990       0x18 .\CortexM3\ARM_GCC_541\Debug\Lab3.a(ErikaOS_eecfg.o)
 .debug_aranges
                0x000009a8       0xf0 .\CortexM3\ARM_GCC_541\Debug\Lab3.a(UART_LOG.o)
 .debug_aranges
                0x00000a98       0x80 .\CortexM3\ARM_GCC_541\Debug\Lab3.a(isr_uart.o)
 .debug_aranges
                0x00000b18       0x70 .\CortexM3\ARM_GCC_541\Debug\Lab3.a(UART_LOG_IntClock.o)
 .debug_aranges
                0x00000b88       0xd8 .\CortexM3\ARM_GCC_541\Debug\Lab3.a(TFT_SPI.o)
 .debug_aranges
                0x00000c60       0x38 .\CortexM3\ARM_GCC_541\Debug\Lab3.a(TFT_DC.o)
 .debug_aranges
                0x00000c98       0x38 .\CortexM3\ARM_GCC_541\Debug\Lab3.a(TFT_RES.o)
 .debug_aranges
                0x00000cd0       0x78 .\CortexM3\ARM_GCC_541\Debug\Lab3.a(TFT_BackLight.o)
 .debug_aranges
                0x00000d48       0x70 .\CortexM3\ARM_GCC_541\Debug\Lab3.a(TFT_SPI_IntClock.o)
 .debug_aranges
                0x00000db8       0x20 .\CortexM3\ARM_GCC_541\Debug\Lab3.a(CyBootAsmGnu.o)
 .debug_aranges
                0x00000dd8       0x20 .\CortexM3\ARM_GCC_541\Debug\Lab3.a(ErikaOS_ee_gnu_change_context_isr.o)
 .debug_aranges
                0x00000df8       0x20 .\CortexM3\ARM_GCC_541\Debug\Lab3.a(ErikaOS_ee_gnu_multi_context.o)
 .debug_aranges
                0x00000e18       0x20 .\CortexM3\ARM_GCC_541\Debug\Lab3.a(ErikaOS_ee_gnu_oo.o)
 .debug_aranges
                0x00000e38       0x88 .\CortexM3\ARM_GCC_541\Debug\Lab3.a(CyFlash.o)
 .debug_aranges
                0x00000ec0       0x80 .\CortexM3\ARM_GCC_541\Debug\Lab3.a(CySpc.o)
 .debug_aranges
                0x00000f40       0x30 .\CortexM3\ARM_GCC_541\Debug\Lab3.a(ErikaOS_ee_irqendin.o)
 .debug_aranges
                0x00000f70       0x18 .\CortexM3\ARM_GCC_541\Debug\Lab3.a(ErikaOS_ee_lookup.o)
 .debug_aranges
                0x00000f88       0x20 .\CortexM3\ARM_GCC_541\Debug\Lab3.a(ErikaOS_ee_tnterm.o)
 .debug_aranges
                0x00000fa8       0x20 .\CortexM3\ARM_GCC_541\Debug\Lab3.a(ErikaOS_ee_tstub.o)
 .debug_aranges
                0x00000fc8       0x20 .\CortexM3\ARM_GCC_541\Debug\Lab3.a(ErikaOS_ee_ulockallres.o)
 .debug_aranges
                0x00000fe8       0x28 .\CortexM3\ARM_GCC_541\Debug\Lab3.a(ErikaOS_cortex_mx_ee_context.o)
 .debug_aranges
                0x00001010       0x30 .\CortexM3\ARM_GCC_541\Debug\Lab3.a(ErikaOS_ee_thendin.o)

.debug_pubnames
 *(.debug_pubnames)

.debug_info     0x00000000    0x14af7
 *(.debug_info .gnu.linkonce.wi.*)
 .debug_info    0x00000000     0x11f9 .\CortexM3\ARM_GCC_541\Debug\main.o
 .debug_info    0x000011f9      0x3cd .\CortexM3\ARM_GCC_541\Debug\logging.o
 .debug_info    0x000015c6     0x2761 .\CortexM3\ARM_GCC_541\Debug\tft.o
 .debug_info    0x00003d27      0x3d9 .\CortexM3\ARM_GCC_541\Debug\CRingBuffer.o
 .debug_info    0x00004100      0x51e .\CortexM3\ARM_GCC_541\Debug\jsmn.o
 .debug_info    0x0000461e      0x340 .\CortexM3\ARM_GCC_541\Debug\drawer.o
 .debug_info    0x0000495e      0x62d .\CortexM3\ARM_GCC_541\Debug\parserNew.o
 .debug_info    0x00004f8b      0x5ac .\CortexM3\ARM_GCC_541\Debug\messageBox.o
 .debug_info    0x00005537      0x397 .\CortexM3\ARM_GCC_541\Debug\message.o
 .debug_info    0x000058ce      0x5a8 .\CortexM3\ARM_GCC_541\Debug\cyfitter_cfg.o
 .debug_info    0x00005e76      0x136 .\CortexM3\ARM_GCC_541\Debug\cymetadata.o
 .debug_info    0x00005fac      0x3bb .\CortexM3\ARM_GCC_541\Debug\Cm3Start.o
 .debug_info    0x00006367     0x1374 .\CortexM3\ARM_GCC_541\Debug\Lab3.a(CyLib.o)
 .debug_info    0x000076db      0xa2a .\CortexM3\ARM_GCC_541\Debug\Lab3.a(cyPm.o)
 .debug_info    0x00008105      0x80d .\CortexM3\ARM_GCC_541\Debug\Lab3.a(ErikaOS_ee_activate.o)
 .debug_info    0x00008912      0xc3b .\CortexM3\ARM_GCC_541\Debug\Lab3.a(ErikaOS_ee_altick.o)
 .debug_info    0x0000954d      0x5a7 .\CortexM3\ARM_GCC_541\Debug\Lab3.a(ErikaOS_ee_evclear.o)
 .debug_info    0x00009af4      0x4ca .\CortexM3\ARM_GCC_541\Debug\Lab3.a(ErikaOS_ee_evget.o)
 .debug_info    0x00009fbe      0x7c3 .\CortexM3\ARM_GCC_541\Debug\Lab3.a(ErikaOS_ee_evset.o)
 .debug_info    0x0000a781      0x85a .\CortexM3\ARM_GCC_541\Debug\Lab3.a(ErikaOS_ee_evwait.o)
 .debug_info    0x0000afdb      0x60d .\CortexM3\ARM_GCC_541\Debug\Lab3.a(ErikaOS_ee_lockres.o)
 .debug_info    0x0000b5e8      0x46f .\CortexM3\ARM_GCC_541\Debug\Lab3.a(ErikaOS_ee_rq_exchg.o)
 .debug_info    0x0000ba57      0x421 .\CortexM3\ARM_GCC_541\Debug\Lab3.a(ErikaOS_ee_rq_first.o)
 .debug_info    0x0000be78      0x475 .\CortexM3\ARM_GCC_541\Debug\Lab3.a(ErikaOS_ee_rq_inser.o)
 .debug_info    0x0000c2ed     0x2040 .\CortexM3\ARM_GCC_541\Debug\Lab3.a(ErikaOS_ee_startos.o)
 .debug_info    0x0000e32d      0x595 .\CortexM3\ARM_GCC_541\Debug\Lab3.a(ErikaOS_ee_terminat.o)
 .debug_info    0x0000e8c2      0x7fb .\CortexM3\ARM_GCC_541\Debug\Lab3.a(ErikaOS_ee_ulockres.o)
 .debug_info    0x0000f0bd      0x4cc .\CortexM3\ARM_GCC_541\Debug\Lab3.a(ErikaOS_cortex_mx_ee_utils.o)
 .debug_info    0x0000f589      0x3cb .\CortexM3\ARM_GCC_541\Debug\Lab3.a(ErikaOS_common_ee_hal_structs.o)
 .debug_info    0x0000f954      0x980 .\CortexM3\ARM_GCC_541\Debug\Lab3.a(ErikaOS_eecfg.o)
 .debug_info    0x000102d4      0x60c .\CortexM3\ARM_GCC_541\Debug\Lab3.a(UART_LOG.o)
 .debug_info    0x000108e0      0x2d2 .\CortexM3\ARM_GCC_541\Debug\Lab3.a(isr_uart.o)
 .debug_info    0x00010bb2      0x283 .\CortexM3\ARM_GCC_541\Debug\Lab3.a(UART_LOG_IntClock.o)
 .debug_info    0x00010e35      0x4bb .\CortexM3\ARM_GCC_541\Debug\Lab3.a(TFT_SPI.o)
 .debug_info    0x000112f0      0x11f .\CortexM3\ARM_GCC_541\Debug\Lab3.a(TFT_DC.o)
 .debug_info    0x0001140f      0x11f .\CortexM3\ARM_GCC_541\Debug\Lab3.a(TFT_RES.o)
 .debug_info    0x0001152e      0x27e .\CortexM3\ARM_GCC_541\Debug\Lab3.a(TFT_BackLight.o)
 .debug_info    0x000117ac      0x283 .\CortexM3\ARM_GCC_541\Debug\Lab3.a(TFT_SPI_IntClock.o)
 .debug_info    0x00011a2f       0x85 .\CortexM3\ARM_GCC_541\Debug\Lab3.a(CyBootAsmGnu.o)
 .debug_info    0x00011ab4       0x9a .\CortexM3\ARM_GCC_541\Debug\Lab3.a(ErikaOS_ee_gnu_change_context_isr.o)
 .debug_info    0x00011b4e       0x95 .\CortexM3\ARM_GCC_541\Debug\Lab3.a(ErikaOS_ee_gnu_multi_context.o)
 .debug_info    0x00011be3       0x8a .\CortexM3\ARM_GCC_541\Debug\Lab3.a(ErikaOS_ee_gnu_oo.o)
 .debug_info    0x00011c6d      0x64d .\CortexM3\ARM_GCC_541\Debug\Lab3.a(CyFlash.o)
 .debug_info    0x000122ba      0x550 .\CortexM3\ARM_GCC_541\Debug\Lab3.a(CySpc.o)
 .debug_info    0x0001280a      0x5cb .\CortexM3\ARM_GCC_541\Debug\Lab3.a(ErikaOS_ee_irqendin.o)
 .debug_info    0x00012dd5      0x3d0 .\CortexM3\ARM_GCC_541\Debug\Lab3.a(ErikaOS_ee_lookup.o)
 .debug_info    0x000131a5      0x473 .\CortexM3\ARM_GCC_541\Debug\Lab3.a(ErikaOS_ee_tnterm.o)
 .debug_info    0x00013618      0x487 .\CortexM3\ARM_GCC_541\Debug\Lab3.a(ErikaOS_ee_tstub.o)
 .debug_info    0x00013a9f      0x45e .\CortexM3\ARM_GCC_541\Debug\Lab3.a(ErikaOS_ee_ulockallres.o)
 .debug_info    0x00013efd      0x501 .\CortexM3\ARM_GCC_541\Debug\Lab3.a(ErikaOS_cortex_mx_ee_context.o)
 .debug_info    0x000143fe      0x6f9 .\CortexM3\ARM_GCC_541\Debug\Lab3.a(ErikaOS_ee_thendin.o)

.debug_abbrev   0x00000000     0x4e3f
 *(.debug_abbrev)
 .debug_abbrev  0x00000000      0x2f4 .\CortexM3\ARM_GCC_541\Debug\main.o
 .debug_abbrev  0x000002f4      0x14a .\CortexM3\ARM_GCC_541\Debug\logging.o
 .debug_abbrev  0x0000043e      0x2bf .\CortexM3\ARM_GCC_541\Debug\tft.o
 .debug_abbrev  0x000006fd      0x14d .\CortexM3\ARM_GCC_541\Debug\CRingBuffer.o
 .debug_abbrev  0x0000084a      0x1b8 .\CortexM3\ARM_GCC_541\Debug\jsmn.o
 .debug_abbrev  0x00000a02      0x13f .\CortexM3\ARM_GCC_541\Debug\drawer.o
 .debug_abbrev  0x00000b41      0x1b3 .\CortexM3\ARM_GCC_541\Debug\parserNew.o
 .debug_abbrev  0x00000cf4      0x1b5 .\CortexM3\ARM_GCC_541\Debug\messageBox.o
 .debug_abbrev  0x00000ea9      0x141 .\CortexM3\ARM_GCC_541\Debug\message.o
 .debug_abbrev  0x00000fea      0x20d .\CortexM3\ARM_GCC_541\Debug\cyfitter_cfg.o
 .debug_abbrev  0x000011f7       0x77 .\CortexM3\ARM_GCC_541\Debug\cymetadata.o
 .debug_abbrev  0x0000126e      0x1e8 .\CortexM3\ARM_GCC_541\Debug\Cm3Start.o
 .debug_abbrev  0x00001456      0x254 .\CortexM3\ARM_GCC_541\Debug\Lab3.a(CyLib.o)
 .debug_abbrev  0x000016aa      0x1ab .\CortexM3\ARM_GCC_541\Debug\Lab3.a(cyPm.o)
 .debug_abbrev  0x00001855      0x284 .\CortexM3\ARM_GCC_541\Debug\Lab3.a(ErikaOS_ee_activate.o)
 .debug_abbrev  0x00001ad9      0x362 .\CortexM3\ARM_GCC_541\Debug\Lab3.a(ErikaOS_ee_altick.o)
 .debug_abbrev  0x00001e3b      0x1e0 .\CortexM3\ARM_GCC_541\Debug\Lab3.a(ErikaOS_ee_evclear.o)
 .debug_abbrev  0x0000201b      0x150 .\CortexM3\ARM_GCC_541\Debug\Lab3.a(ErikaOS_ee_evget.o)
 .debug_abbrev  0x0000216b      0x27f .\CortexM3\ARM_GCC_541\Debug\Lab3.a(ErikaOS_ee_evset.o)
 .debug_abbrev  0x000023ea      0x25d .\CortexM3\ARM_GCC_541\Debug\Lab3.a(ErikaOS_ee_evwait.o)
 .debug_abbrev  0x00002647      0x1ef .\CortexM3\ARM_GCC_541\Debug\Lab3.a(ErikaOS_ee_lockres.o)
 .debug_abbrev  0x00002836       0xfc .\CortexM3\ARM_GCC_541\Debug\Lab3.a(ErikaOS_ee_rq_exchg.o)
 .debug_abbrev  0x00002932       0xed .\CortexM3\ARM_GCC_541\Debug\Lab3.a(ErikaOS_ee_rq_first.o)
 .debug_abbrev  0x00002a1f      0x109 .\CortexM3\ARM_GCC_541\Debug\Lab3.a(ErikaOS_ee_rq_inser.o)
 .debug_abbrev  0x00002b28      0x4a7 .\CortexM3\ARM_GCC_541\Debug\Lab3.a(ErikaOS_ee_startos.o)
 .debug_abbrev  0x00002fcf      0x1de .\CortexM3\ARM_GCC_541\Debug\Lab3.a(ErikaOS_ee_terminat.o)
 .debug_abbrev  0x000031ad      0x277 .\CortexM3\ARM_GCC_541\Debug\Lab3.a(ErikaOS_ee_ulockres.o)
 .debug_abbrev  0x00003424      0x1ad .\CortexM3\ARM_GCC_541\Debug\Lab3.a(ErikaOS_cortex_mx_ee_utils.o)
 .debug_abbrev  0x000035d1       0xcf .\CortexM3\ARM_GCC_541\Debug\Lab3.a(ErikaOS_common_ee_hal_structs.o)
 .debug_abbrev  0x000036a0      0x130 .\CortexM3\ARM_GCC_541\Debug\Lab3.a(ErikaOS_eecfg.o)
 .debug_abbrev  0x000037d0      0x175 .\CortexM3\ARM_GCC_541\Debug\Lab3.a(UART_LOG.o)
 .debug_abbrev  0x00003945      0x173 .\CortexM3\ARM_GCC_541\Debug\Lab3.a(isr_uart.o)
 .debug_abbrev  0x00003ab8      0x139 .\CortexM3\ARM_GCC_541\Debug\Lab3.a(UART_LOG_IntClock.o)
 .debug_abbrev  0x00003bf1      0x146 .\CortexM3\ARM_GCC_541\Debug\Lab3.a(TFT_SPI.o)
 .debug_abbrev  0x00003d37       0x90 .\CortexM3\ARM_GCC_541\Debug\Lab3.a(TFT_DC.o)
 .debug_abbrev  0x00003dc7       0x90 .\CortexM3\ARM_GCC_541\Debug\Lab3.a(TFT_RES.o)
 .debug_abbrev  0x00003e57      0x12d .\CortexM3\ARM_GCC_541\Debug\Lab3.a(TFT_BackLight.o)
 .debug_abbrev  0x00003f84      0x139 .\CortexM3\ARM_GCC_541\Debug\Lab3.a(TFT_SPI_IntClock.o)
 .debug_abbrev  0x000040bd       0x14 .\CortexM3\ARM_GCC_541\Debug\Lab3.a(CyBootAsmGnu.o)
 .debug_abbrev  0x000040d1       0x14 .\CortexM3\ARM_GCC_541\Debug\Lab3.a(ErikaOS_ee_gnu_change_context_isr.o)
 .debug_abbrev  0x000040e5       0x14 .\CortexM3\ARM_GCC_541\Debug\Lab3.a(ErikaOS_ee_gnu_multi_context.o)
 .debug_abbrev  0x000040f9       0x14 .\CortexM3\ARM_GCC_541\Debug\Lab3.a(ErikaOS_ee_gnu_oo.o)
 .debug_abbrev  0x0000410d      0x1a7 .\CortexM3\ARM_GCC_541\Debug\Lab3.a(CyFlash.o)
 .debug_abbrev  0x000042b4      0x194 .\CortexM3\ARM_GCC_541\Debug\Lab3.a(CySpc.o)
 .debug_abbrev  0x00004448      0x1da .\CortexM3\ARM_GCC_541\Debug\Lab3.a(ErikaOS_ee_irqendin.o)
 .debug_abbrev  0x00004622       0xcf .\CortexM3\ARM_GCC_541\Debug\Lab3.a(ErikaOS_ee_lookup.o)
 .debug_abbrev  0x000046f1      0x190 .\CortexM3\ARM_GCC_541\Debug\Lab3.a(ErikaOS_ee_tnterm.o)
 .debug_abbrev  0x00004881      0x143 .\CortexM3\ARM_GCC_541\Debug\Lab3.a(ErikaOS_ee_tstub.o)
 .debug_abbrev  0x000049c4       0xfc .\CortexM3\ARM_GCC_541\Debug\Lab3.a(ErikaOS_ee_ulockallres.o)
 .debug_abbrev  0x00004ac0      0x156 .\CortexM3\ARM_GCC_541\Debug\Lab3.a(ErikaOS_cortex_mx_ee_context.o)
 .debug_abbrev  0x00004c16      0x229 .\CortexM3\ARM_GCC_541\Debug\Lab3.a(ErikaOS_ee_thendin.o)

.debug_line     0x00000000     0x6c65
 *(.debug_line)
 .debug_line    0x00000000      0x4dd .\CortexM3\ARM_GCC_541\Debug\main.o
 .debug_line    0x000004dd        0x0 .\CortexM3\ARM_GCC_541\Debug\control.o
 .debug_line    0x000004dd      0x261 .\CortexM3\ARM_GCC_541\Debug\logging.o
 .debug_line    0x0000073e      0x8bd .\CortexM3\ARM_GCC_541\Debug\tft.o
 .debug_line    0x00000ffb      0x360 .\CortexM3\ARM_GCC_541\Debug\CRingBuffer.o
 .debug_line    0x0000135b      0x28c .\CortexM3\ARM_GCC_541\Debug\jsmn.o
 .debug_line    0x000015e7      0x2c1 .\CortexM3\ARM_GCC_541\Debug\drawer.o
 .debug_line    0x000018a8      0x3be .\CortexM3\ARM_GCC_541\Debug\parserNew.o
 .debug_line    0x00001c66      0x368 .\CortexM3\ARM_GCC_541\Debug\messageBox.o
 .debug_line    0x00001fce      0x2ce .\CortexM3\ARM_GCC_541\Debug\message.o
 .debug_line    0x0000229c      0x1f6 .\CortexM3\ARM_GCC_541\Debug\cyfitter_cfg.o
 .debug_line    0x00002492      0x141 .\CortexM3\ARM_GCC_541\Debug\cymetadata.o
 .debug_line    0x000025d3      0x234 .\CortexM3\ARM_GCC_541\Debug\Cm3Start.o
 .debug_line    0x00002807      0x816 .\CortexM3\ARM_GCC_541\Debug\Lab3.a(CyLib.o)
 .debug_line    0x0000301d      0x367 .\CortexM3\ARM_GCC_541\Debug\Lab3.a(cyPm.o)
 .debug_line    0x00003384      0x1e6 .\CortexM3\ARM_GCC_541\Debug\Lab3.a(ErikaOS_ee_activate.o)
 .debug_line    0x0000356a      0x2f1 .\CortexM3\ARM_GCC_541\Debug\Lab3.a(ErikaOS_ee_altick.o)
 .debug_line    0x0000385b      0x1c1 .\CortexM3\ARM_GCC_541\Debug\Lab3.a(ErikaOS_ee_evclear.o)
 .debug_line    0x00003a1c      0x14b .\CortexM3\ARM_GCC_541\Debug\Lab3.a(ErikaOS_ee_evget.o)
 .debug_line    0x00003b67      0x1e3 .\CortexM3\ARM_GCC_541\Debug\Lab3.a(ErikaOS_ee_evset.o)
 .debug_line    0x00003d4a      0x1f1 .\CortexM3\ARM_GCC_541\Debug\Lab3.a(ErikaOS_ee_evwait.o)
 .debug_line    0x00003f3b      0x1dd .\CortexM3\ARM_GCC_541\Debug\Lab3.a(ErikaOS_ee_lockres.o)
 .debug_line    0x00004118      0x14b .\CortexM3\ARM_GCC_541\Debug\Lab3.a(ErikaOS_ee_rq_exchg.o)
 .debug_line    0x00004263      0x142 .\CortexM3\ARM_GCC_541\Debug\Lab3.a(ErikaOS_ee_rq_first.o)
 .debug_line    0x000043a5      0x146 .\CortexM3\ARM_GCC_541\Debug\Lab3.a(ErikaOS_ee_rq_inser.o)
 .debug_line    0x000044eb      0x3e8 .\CortexM3\ARM_GCC_541\Debug\Lab3.a(ErikaOS_ee_startos.o)
 .debug_line    0x000048d3      0x1b0 .\CortexM3\ARM_GCC_541\Debug\Lab3.a(ErikaOS_ee_terminat.o)
 .debug_line    0x00004a83      0x201 .\CortexM3\ARM_GCC_541\Debug\Lab3.a(ErikaOS_ee_ulockres.o)
 .debug_line    0x00004c84      0x156 .\CortexM3\ARM_GCC_541\Debug\Lab3.a(ErikaOS_cortex_mx_ee_utils.o)
 .debug_line    0x00004dda       0xed .\CortexM3\ARM_GCC_541\Debug\Lab3.a(ErikaOS_common_ee_hal_structs.o)
 .debug_line    0x00004ec7      0x12c .\CortexM3\ARM_GCC_541\Debug\Lab3.a(ErikaOS_eecfg.o)
 .debug_line    0x00004ff3      0x2c4 .\CortexM3\ARM_GCC_541\Debug\Lab3.a(UART_LOG.o)
 .debug_line    0x000052b7      0x135 .\CortexM3\ARM_GCC_541\Debug\Lab3.a(isr_uart.o)
 .debug_line    0x000053ec      0x180 .\CortexM3\ARM_GCC_541\Debug\Lab3.a(UART_LOG_IntClock.o)
 .debug_line    0x0000556c      0x249 .\CortexM3\ARM_GCC_541\Debug\Lab3.a(TFT_SPI.o)
 .debug_line    0x000057b5       0x93 .\CortexM3\ARM_GCC_541\Debug\Lab3.a(TFT_DC.o)
 .debug_line    0x00005848       0x94 .\CortexM3\ARM_GCC_541\Debug\Lab3.a(TFT_RES.o)
 .debug_line    0x000058dc      0x13b .\CortexM3\ARM_GCC_541\Debug\Lab3.a(TFT_BackLight.o)
 .debug_line    0x00005a17      0x17f .\CortexM3\ARM_GCC_541\Debug\Lab3.a(TFT_SPI_IntClock.o)
 .debug_line    0x00005b96       0x66 .\CortexM3\ARM_GCC_541\Debug\Lab3.a(CyBootAsmGnu.o)
 .debug_line    0x00005bfc       0xac .\CortexM3\ARM_GCC_541\Debug\Lab3.a(ErikaOS_ee_gnu_change_context_isr.o)
 .debug_line    0x00005ca8       0x9b .\CortexM3\ARM_GCC_541\Debug\Lab3.a(ErikaOS_ee_gnu_multi_context.o)
 .debug_line    0x00005d43       0x97 .\CortexM3\ARM_GCC_541\Debug\Lab3.a(ErikaOS_ee_gnu_oo.o)
 .debug_line    0x00005dda      0x21a .\CortexM3\ARM_GCC_541\Debug\Lab3.a(CyFlash.o)
 .debug_line    0x00005ff4      0x260 .\CortexM3\ARM_GCC_541\Debug\Lab3.a(CySpc.o)
 .debug_line    0x00006254      0x190 .\CortexM3\ARM_GCC_541\Debug\Lab3.a(ErikaOS_ee_irqendin.o)
 .debug_line    0x000063e4      0x10b .\CortexM3\ARM_GCC_541\Debug\Lab3.a(ErikaOS_ee_lookup.o)
 .debug_line    0x000064ef      0x171 .\CortexM3\ARM_GCC_541\Debug\Lab3.a(ErikaOS_ee_tnterm.o)
 .debug_line    0x00006660      0x160 .\CortexM3\ARM_GCC_541\Debug\Lab3.a(ErikaOS_ee_tstub.o)
 .debug_line    0x000067c0      0x154 .\CortexM3\ARM_GCC_541\Debug\Lab3.a(ErikaOS_ee_ulockallres.o)
 .debug_line    0x00006914      0x19a .\CortexM3\ARM_GCC_541\Debug\Lab3.a(ErikaOS_cortex_mx_ee_context.o)
 .debug_line    0x00006aae      0x1b7 .\CortexM3\ARM_GCC_541\Debug\Lab3.a(ErikaOS_ee_thendin.o)

.debug_frame    0x00000000     0x31f8
 *(.debug_frame)
 .debug_frame   0x00000000       0xec .\CortexM3\ARM_GCC_541\Debug\main.o
 .debug_frame   0x000000ec       0x48 .\CortexM3\ARM_GCC_541\Debug\logging.o
 .debug_frame   0x00000134      0x5bc .\CortexM3\ARM_GCC_541\Debug\tft.o
 .debug_frame   0x000006f0       0xc4 .\CortexM3\ARM_GCC_541\Debug\CRingBuffer.o
 .debug_frame   0x000007b4       0xbc .\CortexM3\ARM_GCC_541\Debug\jsmn.o
 .debug_frame   0x00000870       0x4c .\CortexM3\ARM_GCC_541\Debug\drawer.o
 .debug_frame   0x000008bc      0x138 .\CortexM3\ARM_GCC_541\Debug\parserNew.o
 .debug_frame   0x000009f4       0xb4 .\CortexM3\ARM_GCC_541\Debug\messageBox.o
 .debug_frame   0x00000aa8       0x50 .\CortexM3\ARM_GCC_541\Debug\message.o
 .debug_frame   0x00000af8       0xe4 .\CortexM3\ARM_GCC_541\Debug\cyfitter_cfg.o
 .debug_frame   0x00000bdc       0xb8 .\CortexM3\ARM_GCC_541\Debug\Cm3Start.o
 .debug_frame   0x00000c94      0x738 .\CortexM3\ARM_GCC_541\Debug\Lab3.a(CyLib.o)
 .debug_frame   0x000013cc      0x1f8 .\CortexM3\ARM_GCC_541\Debug\Lab3.a(cyPm.o)
 .debug_frame   0x000015c4       0x30 .\CortexM3\ARM_GCC_541\Debug\Lab3.a(ErikaOS_ee_activate.o)
 .debug_frame   0x000015f4      0x10c .\CortexM3\ARM_GCC_541\Debug\Lab3.a(ErikaOS_ee_altick.o)
 .debug_frame   0x00001700       0x38 .\CortexM3\ARM_GCC_541\Debug\Lab3.a(ErikaOS_ee_evclear.o)
 .debug_frame   0x00001738       0x20 .\CortexM3\ARM_GCC_541\Debug\Lab3.a(ErikaOS_ee_evget.o)
 .debug_frame   0x00001758       0x30 .\CortexM3\ARM_GCC_541\Debug\Lab3.a(ErikaOS_ee_evset.o)
 .debug_frame   0x00001788       0x30 .\CortexM3\ARM_GCC_541\Debug\Lab3.a(ErikaOS_ee_evwait.o)
 .debug_frame   0x000017b8       0x40 .\CortexM3\ARM_GCC_541\Debug\Lab3.a(ErikaOS_ee_lockres.o)
 .debug_frame   0x000017f8       0x3c .\CortexM3\ARM_GCC_541\Debug\Lab3.a(ErikaOS_ee_rq_exchg.o)
 .debug_frame   0x00001834       0x20 .\CortexM3\ARM_GCC_541\Debug\Lab3.a(ErikaOS_ee_rq_first.o)
 .debug_frame   0x00001854       0x30 .\CortexM3\ARM_GCC_541\Debug\Lab3.a(ErikaOS_ee_rq_inser.o)
 .debug_frame   0x00001884       0x90 .\CortexM3\ARM_GCC_541\Debug\Lab3.a(ErikaOS_ee_startos.o)
 .debug_frame   0x00001914       0x2c .\CortexM3\ARM_GCC_541\Debug\Lab3.a(ErikaOS_ee_terminat.o)
 .debug_frame   0x00001940       0x30 .\CortexM3\ARM_GCC_541\Debug\Lab3.a(ErikaOS_ee_ulockres.o)
 .debug_frame   0x00001970       0x2c .\CortexM3\ARM_GCC_541\Debug\Lab3.a(ErikaOS_cortex_mx_ee_utils.o)
 .debug_frame   0x0000199c      0x250 .\CortexM3\ARM_GCC_541\Debug\Lab3.a(UART_LOG.o)
 .debug_frame   0x00001bec      0x104 .\CortexM3\ARM_GCC_541\Debug\Lab3.a(isr_uart.o)
 .debug_frame   0x00001cf0       0xe0 .\CortexM3\ARM_GCC_541\Debug\Lab3.a(UART_LOG_IntClock.o)
 .debug_frame   0x00001dd0      0x1e8 .\CortexM3\ARM_GCC_541\Debug\Lab3.a(TFT_SPI.o)
 .debug_frame   0x00001fb8       0x50 .\CortexM3\ARM_GCC_541\Debug\Lab3.a(TFT_DC.o)
 .debug_frame   0x00002008       0x50 .\CortexM3\ARM_GCC_541\Debug\Lab3.a(TFT_RES.o)
 .debug_frame   0x00002058       0xe8 .\CortexM3\ARM_GCC_541\Debug\Lab3.a(TFT_BackLight.o)
 .debug_frame   0x00002140       0xe0 .\CortexM3\ARM_GCC_541\Debug\Lab3.a(TFT_SPI_IntClock.o)
 .debug_frame   0x00002220      0x194 .\CortexM3\ARM_GCC_541\Debug\Lab3.a(CyFlash.o)
 .debug_frame   0x000023b4      0x180 .\CortexM3\ARM_GCC_541\Debug\Lab3.a(CySpc.o)
 .debug_frame   0x00002534       0x58 .\CortexM3\ARM_GCC_541\Debug\Lab3.a(ErikaOS_ee_irqendin.o)
 .debug_frame   0x0000258c       0x2c .\CortexM3\ARM_GCC_541\Debug\Lab3.a(ErikaOS_ee_tnterm.o)
 .debug_frame   0x000025b8       0x2c .\CortexM3\ARM_GCC_541\Debug\Lab3.a(ErikaOS_ee_tstub.o)
 .debug_frame   0x000025e4       0x2c .\CortexM3\ARM_GCC_541\Debug\Lab3.a(ErikaOS_ee_ulockallres.o)
 .debug_frame   0x00002610       0x3c .\CortexM3\ARM_GCC_541\Debug\Lab3.a(ErikaOS_cortex_mx_ee_context.o)
 .debug_frame   0x0000264c       0x5c .\CortexM3\ARM_GCC_541\Debug\Lab3.a(ErikaOS_ee_thendin.o)
 .debug_frame   0x000026a8       0x30 c:/program files (x86)/cypress/psoc creator/4.4/psoc creator/import/gnu/arm/5.4.1/bin/../lib/gcc/arm-none-eabi/5.4.1/../../../../arm-none-eabi/lib/armv7-m\libg_nano.a(lib_a-atoi.o)
 .debug_frame   0x000026d8       0x20 c:/program files (x86)/cypress/psoc creator/4.4/psoc creator/import/gnu/arm/5.4.1/bin/../lib/gcc/arm-none-eabi/5.4.1/../../../../arm-none-eabi/lib/armv7-m\libg_nano.a(lib_a-errno.o)
 .debug_frame   0x000026f8       0x28 c:/program files (x86)/cypress/psoc creator/4.4/psoc creator/import/gnu/arm/5.4.1/bin/../lib/gcc/arm-none-eabi/5.4.1/../../../../arm-none-eabi/lib/armv7-m\libg_nano.a(lib_a-exit.o)
 .debug_frame   0x00002720       0x2c c:/program files (x86)/cypress/psoc creator/4.4/psoc creator/import/gnu/arm/5.4.1/bin/../lib/gcc/arm-none-eabi/5.4.1/../../../../arm-none-eabi/lib/armv7-m\libg_nano.a(lib_a-init.o)
 .debug_frame   0x0000274c       0x30 c:/program files (x86)/cypress/psoc creator/4.4/psoc creator/import/gnu/arm/5.4.1/bin/../lib/gcc/arm-none-eabi/5.4.1/../../../../arm-none-eabi/lib/armv7-m\libg_nano.a(lib_a-malloc.o)
 .debug_frame   0x0000277c       0x28 c:/program files (x86)/cypress/psoc creator/4.4/psoc creator/import/gnu/arm/5.4.1/bin/../lib/gcc/arm-none-eabi/5.4.1/../../../../arm-none-eabi/lib/armv7-m\libg_nano.a(lib_a-memcpy-stub.o)
 .debug_frame   0x000027a4       0x20 c:/program files (x86)/cypress/psoc creator/4.4/psoc creator/import/gnu/arm/5.4.1/bin/../lib/gcc/arm-none-eabi/5.4.1/../../../../arm-none-eabi/lib/armv7-m\libg_nano.a(lib_a-memset.o)
 .debug_frame   0x000027c4       0x38 c:/program files (x86)/cypress/psoc creator/4.4/psoc creator/import/gnu/arm/5.4.1/bin/../lib/gcc/arm-none-eabi/5.4.1/../../../../arm-none-eabi/lib/armv7-m\libg_nano.a(lib_a-nano-freer.o)
 .debug_frame   0x000027fc       0x2c c:/program files (x86)/cypress/psoc creator/4.4/psoc creator/import/gnu/arm/5.4.1/bin/../lib/gcc/arm-none-eabi/5.4.1/../../../../arm-none-eabi/lib/armv7-m\libg_nano.a(lib_a-nano-mallocr.o)
 .debug_frame   0x00002828       0x74 c:/program files (x86)/cypress/psoc creator/4.4/psoc creator/import/gnu/arm/5.4.1/bin/../lib/gcc/arm-none-eabi/5.4.1/../../../../arm-none-eabi/lib/armv7-m\libg_nano.a(lib_a-printf.o)
 .debug_frame   0x0000289c       0x3c c:/program files (x86)/cypress/psoc creator/4.4/psoc creator/import/gnu/arm/5.4.1/bin/../lib/gcc/arm-none-eabi/5.4.1/../../../../arm-none-eabi/lib/armv7-m\libg_nano.a(lib_a-puts.o)
 .debug_frame   0x000028d8       0x2c c:/program files (x86)/cypress/psoc creator/4.4/psoc creator/import/gnu/arm/5.4.1/bin/../lib/gcc/arm-none-eabi/5.4.1/../../../../arm-none-eabi/lib/armv7-m\libg_nano.a(lib_a-sbrkr.o)
 .debug_frame   0x00002904       0x70 c:/program files (x86)/cypress/psoc creator/4.4/psoc creator/import/gnu/arm/5.4.1/bin/../lib/gcc/arm-none-eabi/5.4.1/../../../../arm-none-eabi/lib/armv7-m\libg_nano.a(lib_a-sprintf.o)
 .debug_frame   0x00002974       0x20 c:/program files (x86)/cypress/psoc creator/4.4/psoc creator/import/gnu/arm/5.4.1/bin/../lib/gcc/arm-none-eabi/5.4.1/../../../../arm-none-eabi/lib/armv7-m\libg_nano.a(lib_a-strcmp.o)
 .debug_frame   0x00002994       0x28 c:/program files (x86)/cypress/psoc creator/4.4/psoc creator/import/gnu/arm/5.4.1/bin/../lib/gcc/arm-none-eabi/5.4.1/../../../../arm-none-eabi/lib/armv7-m\libg_nano.a(lib_a-strncpy.o)
 .debug_frame   0x000029bc       0x44 c:/program files (x86)/cypress/psoc creator/4.4/psoc creator/import/gnu/arm/5.4.1/bin/../lib/gcc/arm-none-eabi/5.4.1/../../../../arm-none-eabi/lib/armv7-m\libg_nano.a(lib_a-strtol.o)
 .debug_frame   0x00002a00       0x40 c:/program files (x86)/cypress/psoc creator/4.4/psoc creator/import/gnu/arm/5.4.1/bin/../lib/gcc/arm-none-eabi/5.4.1/../../../../arm-none-eabi/lib/armv7-m\libg_nano.a(lib_a-wbuf.o)
 .debug_frame   0x00002a40       0x2c c:/program files (x86)/cypress/psoc creator/4.4/psoc creator/import/gnu/arm/5.4.1/bin/../lib/gcc/arm-none-eabi/5.4.1/../../../../arm-none-eabi/lib/armv7-m\libg_nano.a(lib_a-wsetup.o)
 .debug_frame   0x00002a6c       0x68 c:/program files (x86)/cypress/psoc creator/4.4/psoc creator/import/gnu/arm/5.4.1/bin/../lib/gcc/arm-none-eabi/5.4.1/../../../../arm-none-eabi/lib/armv7-m\libg_nano.a(lib_a-fflush.o)
 .debug_frame   0x00002ad4      0x11c c:/program files (x86)/cypress/psoc creator/4.4/psoc creator/import/gnu/arm/5.4.1/bin/../lib/gcc/arm-none-eabi/5.4.1/../../../../arm-none-eabi/lib/armv7-m\libg_nano.a(lib_a-findfp.o)
 .debug_frame   0x00002bf0       0x54 c:/program files (x86)/cypress/psoc creator/4.4/psoc creator/import/gnu/arm/5.4.1/bin/../lib/gcc/arm-none-eabi/5.4.1/../../../../arm-none-eabi/lib/armv7-m\libg_nano.a(lib_a-fwalk.o)
 .debug_frame   0x00002c44       0x54 c:/program files (x86)/cypress/psoc creator/4.4/psoc creator/import/gnu/arm/5.4.1/bin/../lib/gcc/arm-none-eabi/5.4.1/../../../../arm-none-eabi/lib/armv7-m\libg_nano.a(lib_a-makebuf.o)
 .debug_frame   0x00002c98       0x30 c:/program files (x86)/cypress/psoc creator/4.4/psoc creator/import/gnu/arm/5.4.1/bin/../lib/gcc/arm-none-eabi/5.4.1/../../../../arm-none-eabi/lib/armv7-m\libg_nano.a(lib_a-mlock.o)
 .debug_frame   0x00002cc8       0x90 c:/program files (x86)/cypress/psoc creator/4.4/psoc creator/import/gnu/arm/5.4.1/bin/../lib/gcc/arm-none-eabi/5.4.1/../../../../arm-none-eabi/lib/armv7-m\libg_nano.a(lib_a-nano-svfprintf.o)
 .debug_frame   0x00002d58       0xac c:/program files (x86)/cypress/psoc creator/4.4/psoc creator/import/gnu/arm/5.4.1/bin/../lib/gcc/arm-none-eabi/5.4.1/../../../../arm-none-eabi/lib/armv7-m\libg_nano.a(lib_a-nano-vfprintf.o)
 .debug_frame   0x00002e04       0x60 c:/program files (x86)/cypress/psoc creator/4.4/psoc creator/import/gnu/arm/5.4.1/bin/../lib/gcc/arm-none-eabi/5.4.1/../../../../arm-none-eabi/lib/armv7-m\libg_nano.a(lib_a-nano-vfprintf_i.o)
 .debug_frame   0x00002e64       0x5c c:/program files (x86)/cypress/psoc creator/4.4/psoc creator/import/gnu/arm/5.4.1/bin/../lib/gcc/arm-none-eabi/5.4.1/../../../../arm-none-eabi/lib/armv7-m\libg_nano.a(lib_a-reent.o)
 .debug_frame   0x00002ec0       0x88 c:/program files (x86)/cypress/psoc creator/4.4/psoc creator/import/gnu/arm/5.4.1/bin/../lib/gcc/arm-none-eabi/5.4.1/../../../../arm-none-eabi/lib/armv7-m\libg_nano.a(lib_a-stdio.o)
 .debug_frame   0x00002f48       0x2c c:/program files (x86)/cypress/psoc creator/4.4/psoc creator/import/gnu/arm/5.4.1/bin/../lib/gcc/arm-none-eabi/5.4.1/../../../../arm-none-eabi/lib/armv7-m\libg_nano.a(lib_a-writer.o)
 .debug_frame   0x00002f74       0x2c c:/program files (x86)/cypress/psoc creator/4.4/psoc creator/import/gnu/arm/5.4.1/bin/../lib/gcc/arm-none-eabi/5.4.1/../../../../arm-none-eabi/lib/armv7-m\libg_nano.a(lib_a-closer.o)
 .debug_frame   0x00002fa0       0x2c c:/program files (x86)/cypress/psoc creator/4.4/psoc creator/import/gnu/arm/5.4.1/bin/../lib/gcc/arm-none-eabi/5.4.1/../../../../arm-none-eabi/lib/armv7-m\libg_nano.a(lib_a-fstatr.o)
 .debug_frame   0x00002fcc       0x3c c:/program files (x86)/cypress/psoc creator/4.4/psoc creator/import/gnu/arm/5.4.1/bin/../lib/gcc/arm-none-eabi/5.4.1/../../../../arm-none-eabi/lib/armv7-m\libg_nano.a(lib_a-fvwrite.o)
 .debug_frame   0x00003008       0x2c c:/program files (x86)/cypress/psoc creator/4.4/psoc creator/import/gnu/arm/5.4.1/bin/../lib/gcc/arm-none-eabi/5.4.1/../../../../arm-none-eabi/lib/armv7-m\libg_nano.a(lib_a-isattyr.o)
 .debug_frame   0x00003034       0x2c c:/program files (x86)/cypress/psoc creator/4.4/psoc creator/import/gnu/arm/5.4.1/bin/../lib/gcc/arm-none-eabi/5.4.1/../../../../arm-none-eabi/lib/armv7-m\libg_nano.a(lib_a-lseekr.o)
 .debug_frame   0x00003060       0x28 c:/program files (x86)/cypress/psoc creator/4.4/psoc creator/import/gnu/arm/5.4.1/bin/../lib/gcc/arm-none-eabi/5.4.1/../../../../arm-none-eabi/lib/armv7-m\libg_nano.a(lib_a-memchr-stub.o)
 .debug_frame   0x00003088       0x28 c:/program files (x86)/cypress/psoc creator/4.4/psoc creator/import/gnu/arm/5.4.1/bin/../lib/gcc/arm-none-eabi/5.4.1/../../../../arm-none-eabi/lib/armv7-m\libg_nano.a(lib_a-memmove.o)
 .debug_frame   0x000030b0       0x3c c:/program files (x86)/cypress/psoc creator/4.4/psoc creator/import/gnu/arm/5.4.1/bin/../lib/gcc/arm-none-eabi/5.4.1/../../../../arm-none-eabi/lib/armv7-m\libg_nano.a(lib_a-nano-reallocr.o)
 .debug_frame   0x000030ec       0x2c c:/program files (x86)/cypress/psoc creator/4.4/psoc creator/import/gnu/arm/5.4.1/bin/../lib/gcc/arm-none-eabi/5.4.1/../../../../arm-none-eabi/lib/armv7-m\libg_nano.a(lib_a-readr.o)
 .debug_frame   0x00003118       0x20 c:/program files (x86)/cypress/psoc creator/4.4/psoc creator/import/gnu/arm/5.4.1/bin/../lib/gcc/arm-none-eabi/5.4.1/../../../../arm-none-eabi/lib/armv7-m\libg_nano.a(lib_a-nano-msizer.o)
 .debug_frame   0x00003138       0x20 c:/program files (x86)/cypress/psoc creator/4.4/psoc creator/import/gnu/arm/5.4.1/bin/../lib/gcc/arm-none-eabi/5.4.1/../../../../arm-none-eabi/lib/armv7-m\libnosys.a(close.o)
 .debug_frame   0x00003158       0x20 c:/program files (x86)/cypress/psoc creator/4.4/psoc creator/import/gnu/arm/5.4.1/bin/../lib/gcc/arm-none-eabi/5.4.1/../../../../arm-none-eabi/lib/armv7-m\libnosys.a(fstat.o)
 .debug_frame   0x00003178       0x20 c:/program files (x86)/cypress/psoc creator/4.4/psoc creator/import/gnu/arm/5.4.1/bin/../lib/gcc/arm-none-eabi/5.4.1/../../../../arm-none-eabi/lib/armv7-m\libnosys.a(isatty.o)
 .debug_frame   0x00003198       0x20 c:/program files (x86)/cypress/psoc creator/4.4/psoc creator/import/gnu/arm/5.4.1/bin/../lib/gcc/arm-none-eabi/5.4.1/../../../../arm-none-eabi/lib/armv7-m\libnosys.a(lseek.o)
 .debug_frame   0x000031b8       0x20 c:/program files (x86)/cypress/psoc creator/4.4/psoc creator/import/gnu/arm/5.4.1/bin/../lib/gcc/arm-none-eabi/5.4.1/../../../../arm-none-eabi/lib/armv7-m\libnosys.a(read.o)
 .debug_frame   0x000031d8       0x20 c:/program files (x86)/cypress/psoc creator/4.4/psoc creator/import/gnu/arm/5.4.1/bin/../lib/gcc/arm-none-eabi/5.4.1/../../../../arm-none-eabi/lib/armv7-m\libnosys.a(write.o)

.debug_str      0x00000000     0x4845
 *(.debug_str)
 .debug_str     0x00000000      0x9f3 .\CortexM3\ARM_GCC_541\Debug\main.o
                                0xac9 (size before relaxing)
 .debug_str     0x000009f3        0xa .\CortexM3\ARM_GCC_541\Debug\control.o
                                 0xcf (size before relaxing)
 .debug_str     0x000009fd       0x9b .\CortexM3\ARM_GCC_541\Debug\logging.o
                                0x521 (size before relaxing)
 .debug_str     0x00000a98      0x76f .\CortexM3\ARM_GCC_541\Debug\tft.o
                                0xd6f (size before relaxing)
 .debug_str     0x00001207       0x5d .\CortexM3\ARM_GCC_541\Debug\CRingBuffer.o
                                0x53b (size before relaxing)
 .debug_str     0x00001264       0xab .\CortexM3\ARM_GCC_541\Debug\jsmn.o
                                0x266 (size before relaxing)
 .debug_str     0x0000130f       0x1f .\CortexM3\ARM_GCC_541\Debug\drawer.o
                                0x507 (size before relaxing)
 .debug_str     0x0000132e       0x70 .\CortexM3\ARM_GCC_541\Debug\parserNew.o
                                0x61e (size before relaxing)
 .debug_str     0x0000139e       0x3a .\CortexM3\ARM_GCC_541\Debug\messageBox.o
                                0x61b (size before relaxing)
 .debug_str     0x000013d8       0x2b .\CortexM3\ARM_GCC_541\Debug\message.o
                                0x53e (size before relaxing)
 .debug_str     0x00001403      0x19b .\CortexM3\ARM_GCC_541\Debug\cyfitter_cfg.o
                                0x339 (size before relaxing)
 .debug_str     0x0000159e       0x75 .\CortexM3\ARM_GCC_541\Debug\cymetadata.o
                                0x1d9 (size before relaxing)
 .debug_str     0x00001613      0x13f .\CortexM3\ARM_GCC_541\Debug\Cm3Start.o
                                0x2ff (size before relaxing)
 .debug_str     0x00001752      0x82a .\CortexM3\ARM_GCC_541\Debug\Lab3.a(CyLib.o)
                                0xa3c (size before relaxing)
 .debug_str     0x00001f7c      0x365 .\CortexM3\ARM_GCC_541\Debug\Lab3.a(cyPm.o)
                                0x728 (size before relaxing)
 .debug_str     0x000022e1      0x5b0 .\CortexM3\ARM_GCC_541\Debug\Lab3.a(ErikaOS_ee_activate.o)
                                0x7fa (size before relaxing)
 .debug_str     0x00002891      0x25f .\CortexM3\ARM_GCC_541\Debug\Lab3.a(ErikaOS_ee_altick.o)
                                0xa55 (size before relaxing)
 .debug_str     0x00002af0       0x2c .\CortexM3\ARM_GCC_541\Debug\Lab3.a(ErikaOS_ee_evclear.o)
                                0x5d2 (size before relaxing)
 .debug_str     0x00002b1c       0x5b .\CortexM3\ARM_GCC_541\Debug\Lab3.a(ErikaOS_ee_evget.o)
                                0x542 (size before relaxing)
 .debug_str     0x00002b77       0x2a .\CortexM3\ARM_GCC_541\Debug\Lab3.a(ErikaOS_ee_evset.o)
                                0x7d2 (size before relaxing)
 .debug_str     0x00002ba1       0xa1 .\CortexM3\ARM_GCC_541\Debug\Lab3.a(ErikaOS_ee_evwait.o)
                                0x82a (size before relaxing)
 .debug_str     0x00002c42       0x9b .\CortexM3\ARM_GCC_541\Debug\Lab3.a(ErikaOS_ee_lockres.o)
                                0x63a (size before relaxing)
 .debug_str     0x00002cdd       0x8a .\CortexM3\ARM_GCC_541\Debug\Lab3.a(ErikaOS_ee_rq_exchg.o)
                                0x4f0 (size before relaxing)
 .debug_str     0x00002d67       0x2d .\CortexM3\ARM_GCC_541\Debug\Lab3.a(ErikaOS_ee_rq_first.o)
                                0x4bb (size before relaxing)
 .debug_str     0x00002d94       0x38 .\CortexM3\ARM_GCC_541\Debug\Lab3.a(ErikaOS_ee_rq_inser.o)
                                0x4f5 (size before relaxing)
 .debug_str     0x00002dcc      0x8a2 .\CortexM3\ARM_GCC_541\Debug\Lab3.a(ErikaOS_ee_startos.o)
                               0x1721 (size before relaxing)
 .debug_str     0x0000366e       0x5b .\CortexM3\ARM_GCC_541\Debug\Lab3.a(ErikaOS_ee_terminat.o)
                                0x5f3 (size before relaxing)
 .debug_str     0x000036c9       0x2d .\CortexM3\ARM_GCC_541\Debug\Lab3.a(ErikaOS_ee_ulockres.o)
                                0x811 (size before relaxing)
 .debug_str     0x000036f6       0x71 .\CortexM3\ARM_GCC_541\Debug\Lab3.a(ErikaOS_cortex_mx_ee_utils.o)
                                0x520 (size before relaxing)
 .debug_str     0x00003767       0x37 .\CortexM3\ARM_GCC_541\Debug\Lab3.a(ErikaOS_common_ee_hal_structs.o)
                                0x48a (size before relaxing)
 .debug_str     0x0000379e      0x1bd .\CortexM3\ARM_GCC_541\Debug\Lab3.a(ErikaOS_eecfg.o)
                                0x85c (size before relaxing)
 .debug_str     0x0000395b      0x2df .\CortexM3\ARM_GCC_541\Debug\Lab3.a(UART_LOG.o)
                                0x4e6 (size before relaxing)
 .debug_str     0x00003c3a       0xe9 .\CortexM3\ARM_GCC_541\Debug\Lab3.a(isr_uart.o)
                                0x2c5 (size before relaxing)
 .debug_str     0x00003d23      0x1ab .\CortexM3\ARM_GCC_541\Debug\Lab3.a(UART_LOG_IntClock.o)
                                0x35b (size before relaxing)
 .debug_str     0x00003ece      0x249 .\CortexM3\ARM_GCC_541\Debug\Lab3.a(TFT_SPI.o)
                                0x45b (size before relaxing)
 .debug_str     0x00004117       0x5e .\CortexM3\ARM_GCC_541\Debug\Lab3.a(TFT_DC.o)
                                0x1dc (size before relaxing)
 .debug_str     0x00004175       0x57 .\CortexM3\ARM_GCC_541\Debug\Lab3.a(TFT_RES.o)
                                0x1e1 (size before relaxing)
 .debug_str     0x000041cc      0x14b .\CortexM3\ARM_GCC_541\Debug\Lab3.a(TFT_BackLight.o)
                                0x332 (size before relaxing)
 .debug_str     0x00004317      0x156 .\CortexM3\ARM_GCC_541\Debug\Lab3.a(TFT_SPI_IntClock.o)
                                0x34f (size before relaxing)
 .debug_str     0x0000446d       0x65 .\CortexM3\ARM_GCC_541\Debug\Lab3.a(CyFlash.o)
                                0x3b5 (size before relaxing)
 .debug_str     0x000044d2       0x64 .\CortexM3\ARM_GCC_541\Debug\Lab3.a(CySpc.o)
                                0x32d (size before relaxing)
 .debug_str     0x00004536       0xdd .\CortexM3\ARM_GCC_541\Debug\Lab3.a(ErikaOS_ee_irqendin.o)
                                0x6af (size before relaxing)
 .debug_str     0x00004613       0x2b .\CortexM3\ARM_GCC_541\Debug\Lab3.a(ErikaOS_ee_lookup.o)
                                0x47e (size before relaxing)
 .debug_str     0x0000463e       0x8a .\CortexM3\ARM_GCC_541\Debug\Lab3.a(ErikaOS_ee_tnterm.o)
                                0x50d (size before relaxing)
 .debug_str     0x000046c8       0x55 .\CortexM3\ARM_GCC_541\Debug\Lab3.a(ErikaOS_ee_tstub.o)
                                0x5c8 (size before relaxing)
 .debug_str     0x0000471d       0x37 .\CortexM3\ARM_GCC_541\Debug\Lab3.a(ErikaOS_ee_ulockallres.o)
                                0x4fc (size before relaxing)